2026/09/20 19:56:49 === TARR Annunciator Started ===
2026/09/20 19:56:49 Version: 1.1.5 (installed record: 1.1.5)
2026/09/20 19:56:49 Platform: linux/amd64
2026/09/20 19:56:49 Log file: /mnt/c/Users/Ari Ellenbogen/Documents/GitHub/TARR_Annunciator/data/logs/tarr-annunciator_2026-09-20_19-56-49.log
2026/09/20 19:56:49 Log rotation: max 10 MB per file, keep 5 files, delete after 30 days
2026/09/20 19:56:49 Timestamp: 2026-09-20 19:56:49
2026/09/20 19:56:49 =====================================
2026/09/20 19:56:49 Log retention: 5 file(s), 0.03 MB total (max 10 MB/file, keep 5 files, 30 days)
2026/09/20 19:56:49 Audio initialization failed: failed to initialize speaker: oto: ALSA error: No such file or directory
2026/09/20 19:56:49 Could not read ALSA mixer; leaving software volume at 70%
2026/09/20 19:56:49 Note: timedatectl set-ntp true skipped (exit status 1)
2026/09/20 19:56:50 ✓ Time sync from pool.ntp.org (offset -626ms, app time 2026-09-20 19:56:49 EDT)
2026/09/20 19:56:50 Operating hours CLOSED (America/New_York) — scheduled announcements paused
2026/09/20 19:56:50 Schema migrations: nothing to do (1.1.5 → 1.1.5)
2026/09/20 19:56:50 Announcement manager initialized with queuing system
2026/09/20 19:56:50 ✓ Announcement queue system initialized
2026/09/20 19:56:50 ✓ Loaded Broward Thor Guard catalog (19 sensors)
2026/09/20 19:56:50 ✓ Loaded lightning configuration with 5 announcements
2026/09/20 19:56:50   - Red Alert policy: preempt=true suppress=true reminder=true every 5m file=Voice_RedAlert_Reminder.mp3
2026/09/20 19:56:50 ✓ Lightning trigger system initialized and started
2026/09/20 19:56:50   - Active feed: primary URL: https://broward.thormobile4.net/tp/FL0115.xml
2026/09/20 19:56:50   - Fetch interval: 60 seconds
2026/09/20 19:56:50 Lightning trigger 'Lightning Alert Monitor' started with 60 second interval
2026/09/20 19:56:50 Updating scheduler...
2026/09/20 19:56:50 Scheduled: */3 * * * * - [english spanish] (multi-language, 2s delay)
2026/09/20 19:56:50 Scheduler updated with 1 active jobs.
2026/09/20 19:56:50 Starting TARR Annunciator Go Server...
2026/09/20 19:56:50 Audio system: Not Available
2026/09/20 19:56:50 Access the application at: http://localhost:8080
2026/09/20 19:56:50 Admin interface at: http://localhost:8080/admin
2026/09/20 19:56:50 Lightning condition changed from 'Reset' to 'AllClear' (feed=primary)
2026/09/20 19:56:50 AllClear condition ignored for announce/lock — previous condition was 'Reset' (not RedAlert)
2026/09/20 19:57:00 Skipping scheduled safety announcement (outside operating hours)
2026/09/20 19:57:01 DEBUG: About to load emergencies JSON...
2026/09/20 19:57:01 DEBUG: loadJSON returned, type assertion complete
2026/09/20 19:57:01 Detected platform: linux
2026/09/20 19:57:01 PipeWire not available (pw-cli): exec: "pw-cli": executable file not found in $PATH
2026/09/20 19:57:01 PipeWire not available (wpctl): exec: "wpctl": executable file not found in $PATH
2026/09/20 19:57:01 Trying PipeWire through PulseAudio compatibility layer
2026/09/20 19:57:01 PulseAudio compatibility layer not available: exec: "pactl": executable file not found in $PATH
2026/09/20 19:57:01 PulseAudio not available: exec: "pactl": executable file not found in $PATH
2026/09/20 19:57:01 No audio devices detected, using default
2026/09/20 19:57:01 DEBUG: Admin handler - loaded 4 emergencies
2026/09/20 19:57:01 DEBUG: Emergency 1: Severe Weather Warning (severe_weather)
2026/09/20 19:57:01 DEBUG: Emergency 2: Power Outage (power_outage)
2026/09/20 19:57:01 DEBUG: Emergency 3: System Shutdown (system_shutdown)
2026/09/20 19:57:01 DEBUG: Emergency 4: All Clear (all_clear)
2026/09/20 19:57:02 Error getting devices: exec: "bluetoothctl": executable file not found in $PATH
2026/09/20 19:57:02 Detected platform: linux
2026/09/20 19:57:02 PipeWire not available (pw-cli): exec: "pw-cli": executable file not found in $PATH
2026/09/20 19:57:03 PipeWire not available (wpctl): exec: "wpctl": executable file not found in $PATH
2026/09/20 19:57:03 Trying PipeWire through PulseAudio compatibility layer
2026/09/20 19:57:03 PulseAudio compatibility layer not available: exec: "pactl": executable file not found in $PATH
2026/09/20 19:57:03 PulseAudio not available: exec: "pactl": executable file not found in $PATH
2026/09/20 19:57:03 No audio devices detected, using default
2026/09/20 19:58:50 Lightning feed primary failure (unknown_condition): Unknown
2026/09/20 19:58:55 Lightning trigger 'Lightning Alert Monitor' stopped
2026/09/20 19:58:55 Lightning monitor config applied — enabled=true active=primary feeds=3
2026/09/20 19:58:55 Lightning trigger 'Lightning Alert Monitor' started with 60 second interval
2026/09/20 19:58:55 Lightning trigger fetch recovered after: Lightning feed primary failure (unknown_condition): Unknown
2026/09/20 20:00:00 Skipping scheduled safety announcement (outside operating hours)
2026/09/20 20:02:55 Lightning feed primary failure (unknown_condition): Unknown
2026/09/20 20:03:00 Skipping scheduled safety announcement (outside operating hours)
2026/09/20 20:03:21 DEBUG: About to load emergencies JSON...
2026/09/20 20:03:21 DEBUG: loadJSON returned, type assertion complete
2026/09/20 20:03:21 Detected platform: linux
2026/09/20 20:03:21 PipeWire not available (pw-cli): exec: "pw-cli": executable file not found in $PATH
2026/09/20 20:03:21 PipeWire not available (wpctl): exec: "wpctl": executable file not found in $PATH
2026/09/20 20:03:21 Trying PipeWire through PulseAudio compatibility layer
2026/09/20 20:03:22 PulseAudio compatibility layer not available: exec: "pactl": executable file not found in $PATH
2026/09/20 20:03:22 PulseAudio not available: exec: "pactl": executable file not found in $PATH
2026/09/20 20:03:22 No audio devices detected, using default
2026/09/20 20:03:22 DEBUG: Admin handler - loaded 4 emergencies
2026/09/20 20:03:22 DEBUG: Emergency 1: Severe Weather Warning (severe_weather)
2026/09/20 20:03:22 DEBUG: Emergency 2: Power Outage (power_outage)
2026/09/20 20:03:22 DEBUG: Emergency 3: System Shutdown (system_shutdown)
2026/09/20 20:03:22 DEBUG: Emergency 4: All Clear (all_clear)
2026/09/20 20:03:22 Error getting devices: exec: "bluetoothctl": executable file not found in $PATH
2026/09/20 20:03:23 Detected platform: linux
2026/09/20 20:03:23 PipeWire not available (pw-cli): exec: "pw-cli": executable file not found in $PATH
2026/09/20 20:03:23 PipeWire not available (wpctl): exec: "wpctl": executable file not found in $PATH
2026/09/20 20:03:23 Trying PipeWire through PulseAudio compatibility layer
2026/09/20 20:03:23 PulseAudio compatibility layer not available: exec: "pactl": executable file not found in $PATH
2026/09/20 20:03:23 PulseAudio not available: exec: "pactl": executable file not found in $PATH
2026/09/20 20:03:23 No audio devices detected, using default
2026/09/20 20:03:55 Lightning trigger fetch recovered after: Lightning feed primary failure (unknown_condition): Unknown
2026/09/20 20:06:00 Skipping scheduled safety announcement (outside operating hours)
2026/09/20 20:08:55 Lightning feed primary failure (unknown_condition): Unknown
2026/09/20 20:09:00 Skipping scheduled safety announcement (outside operating hours)
2026/09/20 20:09:00 DEBUG: About to load emergencies JSON...
2026/09/20 20:09:00 DEBUG: loadJSON returned, type assertion complete
2026/09/20 20:09:00 Detected platform: linux
2026/09/20 20:09:01 PipeWire not available (pw-cli): exec: "pw-cli": executable file not found in $PATH
2026/09/20 20:09:01 PipeWire not available (wpctl): exec: "wpctl": executable file not found in $PATH
2026/09/20 20:09:01 Trying PipeWire through PulseAudio compatibility layer
2026/09/20 20:09:01 PulseAudio compatibility layer not available: exec: "pactl": executable file not found in $PATH
2026/09/20 20:09:01 PulseAudio not available: exec: "pactl": executable file not found in $PATH
2026/09/20 20:09:01 No audio devices detected, using default
2026/09/20 20:09:01 DEBUG: Admin handler - loaded 4 emergencies
2026/09/20 20:09:01 DEBUG: Emergency 1: Severe Weather Warning (severe_weather)
2026/09/20 20:09:01 DEBUG: Emergency 2: Power Outage (power_outage)
2026/09/20 20:09:01 DEBUG: Emergency 3: System Shutdown (system_shutdown)
2026/09/20 20:09:01 DEBUG: Emergency 4: All Clear (all_clear)
2026/09/20 20:09:01 Error getting devices: exec: "bluetoothctl": executable file not found in $PATH
2026/09/20 20:09:02 Detected platform: linux
2026/09/20 20:09:02 PipeWire not available (pw-cli): exec: "pw-cli": executable file not found in $PATH
2026/09/20 20:09:02 PipeWire not available (wpctl): exec: "wpctl": executable file not found in $PATH
2026/09/20 20:09:02 Trying PipeWire through PulseAudio compatibility layer
2026/09/20 20:09:02 PulseAudio compatibility layer not available: exec: "pactl": executable file not found in $PATH
2026/09/20 20:09:03 PulseAudio not available: exec: "pactl": executable file not found in $PATH
2026/09/20 20:09:03 No audio devices detected, using default
2026/09/20 20:09:55 Lightning trigger fetch recovered after: Lightning feed primary failure (unknown_condition): Unknown
2026/09/20 20:10:32 DEBUG: About to load emergencies JSON...
2026/09/20 20:10:32 DEBUG: loadJSON returned, type assertion complete
2026/09/20 20:10:32 Detected platform: linux
2026/09/20 20:10:32 PipeWire not available (pw-cli): exec: "pw-cli": executable file not found in $PATH
2026/09/20 20:10:32 PipeWire not available (wpctl): exec: "wpctl": executable file not found in $PATH
2026/09/20 20:10:32 Trying PipeWire through PulseAudio compatibility layer
2026/09/20 20:10:32 PulseAudio compatibility layer not available: exec: "pactl": executable file not found in $PATH
2026/09/20 20:10:32 PulseAudio not available: exec: "pactl": executable file not found in $PATH
2026/09/20 20:10:32 No audio devices detected, using default
2026/09/20 20:10:32 DEBUG: Admin handler - loaded 4 emergencies
2026/09/20 20:10:32 DEBUG: Emergency 1: Severe Weather Warning (severe_weather)
2026/09/20 20:10:32 DEBUG: Emergency 2: Power Outage (power_outage)
2026/09/20 20:10:32 DEBUG: Emergency 3: System Shutdown (system_shutdown)
2026/09/20 20:10:32 DEBUG: Emergency 4: All Clear (all_clear)
2026/09/20 20:10:33 Error getting devices: exec: "bluetoothctl": executable file not found in $PATH
2026/09/20 20:10:33 Detected platform: linux
2026/09/20 20:10:33 PipeWire not available (pw-cli): exec: "pw-cli": executable file not found in $PATH
2026/09/20 20:10:34 PipeWire not available (wpctl): exec: "wpctl": executable file not found in $PATH
2026/09/20 20:10:34 Trying PipeWire through PulseAudio compatibility layer
2026/09/20 20:10:34 PulseAudio compatibility layer not available: exec: "pactl": executable file not found in $PATH
2026/09/20 20:10:34 PulseAudio not available: exec: "pactl": executable file not found in $PATH
2026/09/20 20:10:34 No audio devices detected, using default
2026/09/20 20:10:55 Lightning feed primary failure (unknown_condition): Unknown
2026/09/20 20:11:55 Lightning feed primary failure (unknown_condition): Unknown
2026/09/20 20:12:00 Skipping scheduled safety announcement (outside operating hours)
2026/09/20 20:12:55 Lightning trigger fetch recovered after: Lightning feed primary failure (unknown_condition): Unknown
2026/09/20 20:13:15 DEBUG: About to load emergencies JSON...
2026/09/20 20:13:15 DEBUG: loadJSON returned, type assertion complete
2026/09/20 20:13:15 Detected platform: linux
2026/09/20 20:13:15 PipeWire not available (pw-cli): exec: "pw-cli": executable file not found in $PATH
2026/09/20 20:13:15 PipeWire not available (wpctl): exec: "wpctl": executable file not found in $PATH
2026/09/20 20:13:15 Trying PipeWire through PulseAudio compatibility layer
2026/09/20 20:13:16 PulseAudio compatibility layer not available: exec: "pactl": executable file not found in $PATH
2026/09/20 20:13:16 PulseAudio not available: exec: "pactl": executable file not found in $PATH
2026/09/20 20:13:16 No audio devices detected, using default
2026/09/20 20:13:16 DEBUG: Admin handler - loaded 4 emergencies
2026/09/20 20:13:16 DEBUG: Emergency 1: Severe Weather Warning (severe_weather)
2026/09/20 20:13:16 DEBUG: Emergency 2: Power Outage (power_outage)
2026/09/20 20:13:16 DEBUG: Emergency 3: System Shutdown (system_shutdown)
2026/09/20 20:13:16 DEBUG: Emergency 4: All Clear (all_clear)
2026/09/20 20:13:16 Error getting devices: exec: "bluetoothctl": executable file not found in $PATH
2026/09/20 20:13:17 Detected platform: linux
2026/09/20 20:13:17 PipeWire not available (pw-cli): exec: "pw-cli": executable file not found in $PATH
2026/09/20 20:13:17 PipeWire not available (wpctl): exec: "wpctl": executable file not found in $PATH
2026/09/20 20:13:17 Trying PipeWire through PulseAudio compatibility layer
2026/09/20 20:13:17 PulseAudio compatibility layer not available: exec: "pactl": executable file not found in $PATH
2026/09/20 20:13:17 PulseAudio not available: exec: "pactl": executable file not found in $PATH
2026/09/20 20:13:17 No audio devices detected, using default
2026/09/20 20:13:55 Lightning feed primary failure (unknown_condition): Unknown
2026/09/20 20:14:55 Lightning feed primary failure (unknown_condition): Unknown
2026/09/20 20:15:00 Skipping scheduled safety announcement (outside operating hours)
2026/09/20 20:15:55 Lightning trigger fetch recovered after: Lightning feed primary failure (unknown_condition): Unknown
2026/09/20 20:16:00 Received shutdown signal, cleaning up...
2026/09/20 20:16:00 Scheduler stopped
2026/09/20 20:16:00 Lightning trigger stopped
2026/09/20 20:16:00 === TARR Annunciator Shutting Down ===
2026/09/20 20:16:00 Lightning trigger 'Lightning Alert Monitor' stopped
2026/09/20 20:16:00 Timestamp: 2026-09-20 20:16:00
2026/09/20 20:16:00 =======================================
