2026/09/20 17:51:42 === TARR Annunciator Started ===
2026/09/20 17:51:42 Version: 1.1.5-wsl-test (installed record: 1.1.5-wsl-test)
2026/09/20 17:51:42 Platform: linux/amd64
2026/09/20 17:51:42 Log file: /mnt/c/Users/Ari Ellenbogen/Documents/GitHub/TARR_Annunciator/data/logs/tarr-annunciator_2026-09-20_17-51-42.log
2026/09/20 17:51:42 Log rotation: max 10 MB per file, keep 5 files, delete after 30 days
2026/09/20 17:51:42 Timestamp: 2026-09-20 17:51:42
2026/09/20 17:51:42 =====================================
2026/09/20 17:51:42 Log retention: 5 file(s), 0.02 MB total (max 10 MB/file, keep 5 files, 30 days)
2026/09/20 17:51:42 Audio initialization failed: failed to initialize speaker: oto: ALSA error: No such file or directory
2026/09/20 17:51:42 Could not read ALSA mixer; leaving software volume at 70%
2026/09/20 17:51:42 Note: timedatectl set-ntp true skipped (exit status 1)
2026/09/20 17:51:42 ✓ Time sync from pool.ntp.org (offset -466ms, app time 2026-09-20 17:51:42 EDT)
2026/09/20 17:51:42 Operating hours CLOSED (America/New_York) — scheduled announcements paused
2026/09/20 17:51:42 Schema migrations: nothing to do (1.1.5-wsl-test → 1.1.5-wsl-test)
2026/09/20 17:51:42 Announcement manager initialized with queuing system
2026/09/20 17:51:42 ✓ Announcement queue system initialized
2026/09/20 17:51:42 ✓ Loaded Broward Thor Guard catalog (19 sensors)
2026/09/20 17:51:42 ✓ Loaded lightning configuration with 5 announcements
2026/09/20 17:51:42   - Red Alert policy: preempt=true suppress=true reminder=true every 5m file=Voice_RedAlert_Reminder.mp3
2026/09/20 17:51:42 ✓ Lightning trigger system initialized and started
2026/09/20 17:51:42   - Active feed: primary URL: https://broward.thormobile4.net/tp/FL0115.xml
2026/09/20 17:51:42 Lightning trigger 'Lightning Alert Monitor' started with 60 second interval
2026/09/20 17:51:42   - Fetch interval: 60 seconds
2026/09/20 17:51:42 Updating scheduler...
2026/09/20 17:51:42 Scheduled: */3 * * * * - [english spanish] (multi-language, 2s delay)
2026/09/20 17:51:42 Scheduler updated with 1 active jobs.
2026/09/20 17:51:42 Starting TARR Annunciator Go Server...
2026/09/20 17:51:42 Audio system: Not Available
2026/09/20 17:51:42 Access the application at: http://localhost:8080
2026/09/20 17:51:42 Admin interface at: http://localhost:8080/admin
2026/09/20 17:51:43 Lightning feed primary failure (unknown_condition): Unknown
2026/09/20 17:52:23 DEBUG: About to load emergencies JSON...
2026/09/20 17:52:23 DEBUG: loadJSON returned, type assertion complete
2026/09/20 17:52:23 Detected platform: linux
2026/09/20 17:52:23 PipeWire not available (pw-cli): exec: "pw-cli": executable file not found in $PATH
2026/09/20 17:52:23 PipeWire not available (wpctl): exec: "wpctl": executable file not found in $PATH
2026/09/20 17:52:23 Trying PipeWire through PulseAudio compatibility layer
2026/09/20 17:52:23 PulseAudio compatibility layer not available: exec: "pactl": executable file not found in $PATH
2026/09/20 17:52:23 PulseAudio not available: exec: "pactl": executable file not found in $PATH
2026/09/20 17:52:23 No audio devices detected, using default
2026/09/20 17:52:23 DEBUG: Admin handler - loaded 4 emergencies
2026/09/20 17:52:23 DEBUG: Emergency 1: Severe Weather Warning (severe_weather)
2026/09/20 17:52:23 DEBUG: Emergency 2: Power Outage (power_outage)
2026/09/20 17:52:23 DEBUG: Emergency 3: System Shutdown (system_shutdown)
2026/09/20 17:52:23 DEBUG: Emergency 4: All Clear (all_clear)
2026/09/20 17:52:24 Error getting devices: exec: "bluetoothctl": executable file not found in $PATH
2026/09/20 17:52:24 Detected platform: linux
2026/09/20 17:52:24 PipeWire not available (pw-cli): exec: "pw-cli": executable file not found in $PATH
2026/09/20 17:52:24 PipeWire not available (wpctl): exec: "wpctl": executable file not found in $PATH
2026/09/20 17:52:24 Trying PipeWire through PulseAudio compatibility layer
2026/09/20 17:52:25 PulseAudio compatibility layer not available: exec: "pactl": executable file not found in $PATH
2026/09/20 17:52:25 PulseAudio not available: exec: "pactl": executable file not found in $PATH
2026/09/20 17:52:25 No audio devices detected, using default
2026/09/20 17:52:42 Lightning trigger fetch recovered after: Lightning feed primary failure (unknown_condition): Unknown
2026/09/20 17:52:42 Lightning condition changed from 'Reset' to 'AllClear' (feed=primary)
2026/09/20 17:52:42 AllClear condition ignored for announce/lock — previous condition was 'Reset' (not RedAlert)
2026/09/20 17:54:00 Skipping scheduled safety announcement (outside operating hours)
2026/09/20 17:54:42 Lightning feed primary failure (unknown_condition): Unknown
2026/09/20 17:55:42 Lightning trigger fetch recovered after: Lightning feed primary failure (unknown_condition): Unknown
2026/09/20 17:57:00 Skipping scheduled safety announcement (outside operating hours)
2026/09/20 17:57:42 Lightning feed primary failure (unknown_condition): Unknown
2026/09/20 17:58:42 Lightning trigger fetch recovered after: Lightning feed primary failure (unknown_condition): Unknown
2026/09/20 17:59:42 Lightning feed primary failure (unknown_condition): Unknown
2026/09/20 18:00:00 Skipping scheduled safety announcement (outside operating hours)
2026/09/20 18:00:42 Lightning feed primary failure (unknown_condition): Unknown
2026/09/20 18:01:42 Lightning feed primary failure (unknown_condition): Unknown
2026/09/20 18:02:42 Lightning trigger fetch recovered after: Lightning feed primary failure (unknown_condition): Unknown
2026/09/20 18:03:00 Skipping scheduled safety announcement (outside operating hours)
2026/09/20 18:05:42 Lightning feed primary failure (unknown_condition): Unknown
2026/09/20 18:06:00 Skipping scheduled safety announcement (outside operating hours)
2026/09/20 18:06:42 Lightning trigger fetch recovered after: Lightning feed primary failure (unknown_condition): Unknown
2026/09/20 18:07:42 Lightning feed primary failure (unknown_condition): Unknown
2026/09/20 18:08:42 Lightning feed primary failure (unknown_condition): Unknown
2026/09/20 18:09:00 Skipping scheduled safety announcement (outside operating hours)
2026/09/20 18:09:42 Lightning trigger fetch recovered after: Lightning feed primary failure (unknown_condition): Unknown
2026/09/20 18:12:00 Skipping scheduled safety announcement (outside operating hours)
2026/09/20 18:12:42 Lightning feed primary failure (unknown_condition): Unknown
2026/09/20 18:13:42 Lightning trigger fetch recovered after: Lightning feed primary failure (unknown_condition): Unknown
2026/09/20 18:15:00 Skipping scheduled safety announcement (outside operating hours)
2026/09/20 18:15:42 Lightning feed primary failure (unknown_condition): Unknown
2026/09/20 18:16:42 Lightning trigger fetch recovered after: Lightning feed primary failure (unknown_condition): Unknown
2026/09/20 18:17:42 Lightning feed primary failure (unknown_condition): Unknown
2026/09/20 18:18:00 Skipping scheduled safety announcement (outside operating hours)
2026/09/20 18:18:42 Lightning feed primary failure (unknown_condition): Unknown
2026/09/20 18:19:42 Lightning trigger fetch recovered after: Lightning feed primary failure (unknown_condition): Unknown
2026/09/20 18:21:00 Skipping scheduled safety announcement (outside operating hours)
2026/09/20 18:21:42 Lightning feed primary failure (unknown_condition): Unknown
2026/09/20 18:22:42 Lightning feed primary failure (unknown_condition): Unknown
2026/09/20 18:23:42 Lightning feed primary failure (unknown_condition): Unknown
2026/09/20 18:24:00 Skipping scheduled safety announcement (outside operating hours)
2026/09/20 18:24:42 Lightning feed primary failure (unknown_condition): Unknown
2026/09/20 18:25:42 Lightning trigger fetch recovered after: Lightning feed primary failure (unknown_condition): Unknown
2026/09/20 18:27:00 Skipping scheduled safety announcement (outside operating hours)
2026/09/20 18:27:42 Lightning feed primary failure (unknown_condition): Unknown
2026/09/20 18:28:42 Lightning feed primary failure (unknown_condition): Unknown
2026/09/20 18:29:42 Lightning feed primary failure (unknown_condition): Unknown
2026/09/20 18:30:00 Skipping scheduled safety announcement (outside operating hours)
2026/09/20 18:30:42 Lightning trigger fetch recovered after: Lightning feed primary failure (unknown_condition): Unknown
2026/09/20 18:31:42 Lightning feed primary failure (unknown_condition): Unknown
2026/09/20 18:32:42 Lightning trigger fetch recovered after: Lightning feed primary failure (unknown_condition): Unknown
2026/09/20 18:33:00 Skipping scheduled safety announcement (outside operating hours)
2026/09/20 18:33:42 Lightning feed primary failure (unknown_condition): Unknown
2026/09/20 18:34:42 Lightning feed primary failure (unknown_condition): Unknown
2026/09/20 18:35:42 Lightning trigger fetch recovered after: Lightning feed primary failure (unknown_condition): Unknown
2026/09/20 18:36:00 Skipping scheduled safety announcement (outside operating hours)
2026/09/20 18:38:42 Lightning feed primary failure (unknown_condition): Unknown
2026/09/20 18:39:00 Skipping scheduled safety announcement (outside operating hours)
2026/09/20 18:39:42 Lightning feed primary failure (unknown_condition): Unknown
2026/09/20 18:40:42 Lightning trigger fetch recovered after: Lightning feed primary failure (unknown_condition): Unknown
2026/09/20 18:42:00 Skipping scheduled safety announcement (outside operating hours)
2026/09/20 18:44:42 Lightning feed primary failure (unknown_condition): Unknown
2026/09/20 18:45:00 Skipping scheduled safety announcement (outside operating hours)
2026/09/20 18:45:42 Lightning feed primary failure (unknown_condition): Unknown
2026/09/20 18:46:42 Lightning feed primary failure (unknown_condition): Unknown
2026/09/20 18:47:42 Lightning trigger fetch recovered after: Lightning feed primary failure (unknown_condition): Unknown
2026/09/20 18:48:00 Skipping scheduled safety announcement (outside operating hours)
2026/09/20 18:50:42 Lightning feed primary failure (unknown_condition): Unknown
2026/09/20 18:51:00 Skipping scheduled safety announcement (outside operating hours)
2026/09/20 18:51:42 Note: timedatectl set-ntp true skipped (exit status 1)
2026/09/20 18:51:42 Lightning feed primary failure (unknown_condition): Unknown
2026/09/20 18:51:42 ✓ Time sync from pool.ntp.org (offset -544ms, app time 2026-09-20 18:51:42 EDT)
2026/09/20 18:52:42 Lightning trigger fetch recovered after: Lightning feed primary failure (unknown_condition): Unknown
2026/09/20 18:54:00 Skipping scheduled safety announcement (outside operating hours)
2026/09/20 18:54:42 Lightning feed primary failure (unknown_condition): Unknown
2026/09/20 18:55:42 Lightning feed primary failure (unknown_condition): Unknown
2026/09/20 18:56:42 Lightning trigger fetch recovered after: Lightning feed primary failure (unknown_condition): Unknown
2026/09/20 18:57:00 Skipping scheduled safety announcement (outside operating hours)
2026/09/20 19:00:00 Skipping scheduled safety announcement (outside operating hours)
2026/09/20 19:00:42 Lightning feed primary failure (unknown_condition): Unknown
2026/09/20 19:01:42 Lightning feed primary failure (unknown_condition): Unknown
2026/09/20 19:02:42 Lightning trigger fetch recovered after: Lightning feed primary failure (unknown_condition): Unknown
2026/09/20 19:03:00 Skipping scheduled safety announcement (outside operating hours)
2026/09/20 19:05:42 Lightning feed primary failure (unknown_condition): Unknown
2026/09/20 19:06:00 Skipping scheduled safety announcement (outside operating hours)
2026/09/20 19:06:42 Lightning feed primary failure (unknown_condition): Unknown
2026/09/20 19:07:42 Lightning feed primary failure (unknown_condition): Unknown
2026/09/20 19:08:42 Lightning feed primary failure (unknown_condition): Unknown
2026/09/20 19:09:00 Skipping scheduled safety announcement (outside operating hours)
2026/09/20 19:09:42 Lightning trigger fetch recovered after: Lightning feed primary failure (unknown_condition): Unknown
2026/09/20 19:10:42 Lightning feed primary failure (unknown_condition): Unknown
2026/09/20 19:11:42 Lightning feed primary failure (unknown_condition): Unknown
2026/09/20 19:12:00 Skipping scheduled safety announcement (outside operating hours)
2026/09/20 19:12:42 Lightning feed primary failure (unknown_condition): Unknown
2026/09/20 19:13:42 Lightning trigger fetch recovered after: Lightning feed primary failure (unknown_condition): Unknown
2026/09/20 19:15:00 Skipping scheduled safety announcement (outside operating hours)
2026/09/20 19:16:42 Lightning feed primary failure (unknown_condition): Unknown
2026/09/20 19:17:42 Lightning trigger fetch recovered after: Lightning feed primary failure (unknown_condition): Unknown
2026/09/20 19:18:00 Skipping scheduled safety announcement (outside operating hours)
2026/09/20 19:21:00 Skipping scheduled safety announcement (outside operating hours)
2026/09/20 19:21:42 Lightning feed primary failure (unknown_condition): Unknown
2026/09/20 19:22:42 Lightning trigger fetch recovered after: Lightning feed primary failure (unknown_condition): Unknown
2026/09/20 19:24:00 Skipping scheduled safety announcement (outside operating hours)
2026/09/20 19:25:42 Lightning feed primary failure (unknown_condition): Unknown
2026/09/20 19:26:42 Lightning trigger fetch recovered after: Lightning feed primary failure (unknown_condition): Unknown
2026/09/20 19:27:00 Skipping scheduled safety announcement (outside operating hours)
2026/09/20 19:27:57 Update: Checking GitHub Releases for updates…
2026/09/20 19:27:57 Update: Running 1.1.5-wsl-test — 2 release(s) listed
2026/09/20 19:28:42 Lightning feed primary failure (unknown_condition): Unknown
2026/09/20 19:29:42 Lightning trigger fetch recovered after: Lightning feed primary failure (unknown_condition): Unknown
2026/09/20 19:30:00 Skipping scheduled safety announcement (outside operating hours)
2026/09/20 19:31:42 Lightning feed primary failure (unknown_condition): Unknown
2026/09/20 19:32:42 Lightning feed primary failure (unknown_condition): Unknown
2026/09/20 19:33:00 Skipping scheduled safety announcement (outside operating hours)
2026/09/20 19:33:42 Lightning feed primary failure (unknown_condition): Unknown
2026/09/20 19:34:42 Lightning feed primary failure (unknown_condition): Unknown
2026/09/20 19:35:42 Lightning trigger fetch recovered after: Lightning feed primary failure (unknown_condition): Unknown
2026/09/20 19:36:00 Skipping scheduled safety announcement (outside operating hours)
2026/09/20 19:37:42 Lightning feed primary failure (unknown_condition): Unknown
2026/09/20 19:38:42 Lightning feed primary failure (unknown_condition): Unknown
2026/09/20 19:39:00 Skipping scheduled safety announcement (outside operating hours)
2026/09/20 19:39:42 Lightning trigger fetch recovered after: Lightning feed primary failure (unknown_condition): Unknown
2026/09/20 19:41:13 DEBUG: About to load emergencies JSON...
2026/09/20 19:41:13 DEBUG: loadJSON returned, type assertion complete
2026/09/20 19:41:13 Detected platform: linux
2026/09/20 19:41:13 PipeWire not available (pw-cli): exec: "pw-cli": executable file not found in $PATH
2026/09/20 19:41:13 PipeWire not available (wpctl): exec: "wpctl": executable file not found in $PATH
2026/09/20 19:41:13 Trying PipeWire through PulseAudio compatibility layer
2026/09/20 19:41:13 PulseAudio compatibility layer not available: exec: "pactl": executable file not found in $PATH
2026/09/20 19:41:14 PulseAudio not available: exec: "pactl": executable file not found in $PATH
2026/09/20 19:41:14 No audio devices detected, using default
2026/09/20 19:41:14 DEBUG: Admin handler - loaded 4 emergencies
2026/09/20 19:41:14 DEBUG: Emergency 1: Severe Weather Warning (severe_weather)
2026/09/20 19:41:14 DEBUG: Emergency 2: Power Outage (power_outage)
2026/09/20 19:41:14 DEBUG: Emergency 3: System Shutdown (system_shutdown)
2026/09/20 19:41:14 DEBUG: Emergency 4: All Clear (all_clear)
2026/09/20 19:41:14 Error getting devices: exec: "bluetoothctl": executable file not found in $PATH
2026/09/20 19:41:14 Detected platform: linux
2026/09/20 19:41:15 PipeWire not available (pw-cli): exec: "pw-cli": executable file not found in $PATH
2026/09/20 19:41:15 PipeWire not available (wpctl): exec: "wpctl": executable file not found in $PATH
2026/09/20 19:41:15 Trying PipeWire through PulseAudio compatibility layer
2026/09/20 19:41:15 PulseAudio compatibility layer not available: exec: "pactl": executable file not found in $PATH
2026/09/20 19:41:15 PulseAudio not available: exec: "pactl": executable file not found in $PATH
2026/09/20 19:41:15 No audio devices detected, using default
2026/09/20 19:42:00 Skipping scheduled safety announcement (outside operating hours)
2026/09/20 19:43:42 Lightning feed primary failure (unknown_condition): Unknown
2026/09/20 19:44:42 Lightning feed primary failure (unknown_condition): Unknown
2026/09/20 19:45:00 Skipping scheduled safety announcement (outside operating hours)
2026/09/20 19:45:42 Lightning trigger fetch recovered after: Lightning feed primary failure (unknown_condition): Unknown
2026/09/20 19:47:15 DEBUG: About to load emergencies JSON...
2026/09/20 19:47:15 DEBUG: loadJSON returned, type assertion complete
2026/09/20 19:47:15 Detected platform: linux
2026/09/20 19:47:15 PipeWire not available (pw-cli): exec: "pw-cli": executable file not found in $PATH
2026/09/20 19:47:15 PipeWire not available (wpctl): exec: "wpctl": executable file not found in $PATH
2026/09/20 19:47:15 Trying PipeWire through PulseAudio compatibility layer
2026/09/20 19:47:15 PulseAudio compatibility layer not available: exec: "pactl": executable file not found in $PATH
2026/09/20 19:47:15 PulseAudio not available: exec: "pactl": executable file not found in $PATH
2026/09/20 19:47:15 No audio devices detected, using default
2026/09/20 19:47:15 DEBUG: Admin handler - loaded 4 emergencies
2026/09/20 19:47:15 DEBUG: Emergency 1: Severe Weather Warning (severe_weather)
2026/09/20 19:47:15 DEBUG: Emergency 2: Power Outage (power_outage)
2026/09/20 19:47:15 DEBUG: Emergency 3: System Shutdown (system_shutdown)
2026/09/20 19:47:15 DEBUG: Emergency 4: All Clear (all_clear)
2026/09/20 19:47:16 Error getting devices: exec: "bluetoothctl": executable file not found in $PATH
2026/09/20 19:47:16 Detected platform: linux
2026/09/20 19:47:16 PipeWire not available (pw-cli): exec: "pw-cli": executable file not found in $PATH
2026/09/20 19:47:16 PipeWire not available (wpctl): exec: "wpctl": executable file not found in $PATH
2026/09/20 19:47:16 Trying PipeWire through PulseAudio compatibility layer
2026/09/20 19:47:17 PulseAudio compatibility layer not available: exec: "pactl": executable file not found in $PATH
2026/09/20 19:47:17 PulseAudio not available: exec: "pactl": executable file not found in $PATH
2026/09/20 19:47:17 No audio devices detected, using default
2026/09/20 19:47:42 Lightning feed primary failure (unknown_condition): Unknown
2026/09/20 19:48:00 Skipping scheduled safety announcement (outside operating hours)
2026/09/20 19:48:42 Lightning feed primary failure (unknown_condition): Unknown
2026/09/20 19:49:42 Lightning feed primary failure (unknown_condition): Unknown
2026/09/20 19:50:00 Received shutdown signal, cleaning up...
2026/09/20 19:50:00 Scheduler stopped
2026/09/20 19:50:00 Lightning trigger stopped
2026/09/20 19:50:00 === TARR Annunciator Shutting Down ===
2026/09/20 19:50:00 Timestamp: 2026-09-20 19:50:00
2026/09/20 19:50:00 Lightning trigger 'Lightning Alert Monitor' stopped
2026/09/20 19:50:00 =======================================
