2026/09/19 19:23:23 === TARR Annunciator Started ===
2026/09/19 19:23:23 Version: Go Application
2026/09/19 19:23:23 Platform: windows/amd64
2026/09/19 19:23:23 Log file: C:\Users\Ari Ellenbogen\Documents\GitHub\TARR_Annunciator\data\logs\tarr-annunciator_2026-09-19_19-23-23.log
2026/09/19 19:23:23 Timestamp: 2026-09-19 19:23:23
2026/09/19 19:23:23 =====================================
2026/09/19 19:23:23 Starting log cleanup routine...
2026/09/19 19:23:23 Log cleanup completed: 0 files deleted, total log size: 0.00 MB
2026/09/19 19:23:24 ✓ Audio system initialized successfully
2026/09/19 19:23:24 Announcement manager initialized with queuing system
2026/09/19 19:23:24 ✓ Announcement queue system initialized
2026/09/19 19:23:24 ✓ Loaded lightning configuration with 5 announcements
2026/09/19 19:23:24   - Red Alert policy: preempt=true suppress=true reminder=true every 5m file=thor_repeat1.mp3
2026/09/19 19:23:24 ✓ Lightning trigger system initialized and started
2026/09/19 19:23:24   - Monitoring URL: https://broward.thormobile4.net/tp/FL0115.xml
2026/09/19 19:23:24   - Fetch interval: 30 seconds
2026/09/19 19:23:24 Lightning trigger 'Lightning Alert Monitor' started with 30 second interval
2026/09/19 19:23:24 Updating scheduler...
2026/09/19 19:23:24 Scheduled: */5 * * * * - [english spanish] (multi-language, 2s delay)
2026/09/19 19:23:24 Scheduler updated with 1 active jobs.
2026/09/19 19:23:24 Starting TARR Annunciator Go Server...
2026/09/19 19:23:24 Audio system: Available
2026/09/19 19:23:24 Access the application at: http://localhost:8080
2026/09/19 19:23:24 Admin interface at: http://localhost:8080/admin
2026/09/19 19:23:24 Lightning XML saved to: xml\FL0115.xml (2692 bytes)
2026/09/19 19:23:24 Lightning XML preview (converted): <?xml version="1.0" encoding="utf-16" standalone="yes"?>
<loadmovie>
  <moviename>ThorNet</moviename>
  <thordata>
    <displayname>Tradewinds Park</displayname>
    <rawstring>;2000F010007200000301360074FL011542.</rawstring>
    <localtime>12:22:13 AM 09/20/2026</localtime>
    <emergencystate>None</emergencystate>
    <sirenstate>NotAvailable</sirenstate>
    <testresult>NotPerformed</testresult>
    <testcode>0</testcode>
    <testfailcount>0</testfailcount>
    <unitname>L75</unitname>
    <unitcode>7</unitcode>
    <range>15</range>
    <stringrevision>2</stringrevision>
    <chiprevision>4</chiprevision>
    <revisionfield>74</revisionfield>
    <switch>Back</switch>
    <switchvalue>3</switchvalue>
    <isatminingsite>False</isatminingsite>
    <isoldunit>False</isoldunit>
    <uniqueid>FL0115</uniqueid>
    <lightningalert>AllClear</lightningalert>
    <ad>0</ad>
    <di>0.0</di>
    <lhl>0</lhl>
    <fcc>3</fcc>
    <fccrate>0</fccrate>
    <energy...
2026/09/19 19:23:24 Lightning: Successfully extracted value: 'AllClear'
2026/09/19 19:23:24 Lightning alert status: AllClear
2026/09/19 19:23:24 Lightning condition changed from 'Reset' to 'AllClear'
2026/09/19 19:23:24 AllClear condition ignored - previous condition was 'Reset' (not RedAlert, Warning, or Caution)
2026/09/19 19:23:54 Lightning XML saved to: xml\FL0115.xml (2688 bytes)
2026/09/19 19:23:54 Lightning XML preview (converted): <?xml version="1.0" encoding="utf-16" standalone="yes"?>
<loadmovie>
  <moviename>ThorNet</moviename>
  <thordata>
    <displayname>Tradewinds Park</displayname>
    <rawstring>;2000F01000720000030136002EFL01154E.</rawstring>
    <localtime>12:22:43 AM 09/20/2026</localtime>
    <emergencystate>None</emergencystate>
    <sirenstate>NotAvailable</sirenstate>
    <testresult>NotPerformed</testresult>
    <testcode>0</testcode>
    <testfailcount>0</testfailcount>
    <unitname>L75</unitname>
    <unitcode>7</unitcode>
    <range>15</range>
    <stringrevision>2</stringrevision>
    <chiprevision>E</chiprevision>
    <revisionfield>2E</revisionfield>
    <switch>Back</switch>
    <switchvalue>3</switchvalue>
    <isatminingsite>False</isatminingsite>
    <isoldunit>False</isoldunit>
    <uniqueid>FL0115</uniqueid>
    <lightningalert>AllClear</lightningalert>
    <ad>0</ad>
    <di>0.0</di>
    <lhl>0</lhl>
    <fcc>3</fcc>
    <fccrate>0</fccrate>
    <energy...
2026/09/19 19:23:54 Lightning: Successfully extracted value: 'AllClear'
2026/09/19 19:23:54 Lightning alert status: AllClear
2026/09/19 19:24:19 DEBUG: About to load emergencies JSON...
2026/09/19 19:24:19 DEBUG: loadJSON returned, type assertion complete
2026/09/19 19:24:21 DEBUG: Admin handler - loaded 4 emergencies
2026/09/19 19:24:21 DEBUG: Emergency 1: Severe Weather Warning (severe_weather)
2026/09/19 19:24:21 DEBUG: Emergency 2: Power Outage (power_outage)
2026/09/19 19:24:21 DEBUG: Emergency 3: System Shutdown (system_shutdown)
2026/09/19 19:24:21 DEBUG: Emergency 4: All Clear (all_clear)
2026/09/19 19:24:24 Lightning XML saved to: xml\FL0115.xml (2692 bytes)
2026/09/19 19:24:24 Lightning XML preview (converted): <?xml version="1.0" encoding="utf-16" standalone="yes"?>
<loadmovie>
  <moviename>ThorNet</moviename>
  <thordata>
    <displayname>Tradewinds Park</displayname>
    <rawstring>;2000F010007200000301360041FL01153C.</rawstring>
    <localtime>12:23:13 AM 09/20/2026</localtime>
    <emergencystate>None</emergencystate>
    <sirenstate>NotAvailable</sirenstate>
    <testresult>NotPerformed</testresult>
    <testcode>0</testcode>
    <testfailcount>0</testfailcount>
    <unitname>L75</unitname>
    <unitcode>7</unitcode>
    <range>15</range>
    <stringrevision>2</stringrevision>
    <chiprevision>1</chiprevision>
    <revisionfield>41</revisionfield>
    <switch>Back</switch>
    <switchvalue>3</switchvalue>
    <isatminingsite>False</isatminingsite>
    <isoldunit>False</isoldunit>
    <uniqueid>FL0115</uniqueid>
    <lightningalert>AllClear</lightningalert>
    <ad>0</ad>
    <di>0.0</di>
    <lhl>0</lhl>
    <fcc>3</fcc>
    <fccrate>0</fccrate>
    <energy...
2026/09/19 19:24:24 Lightning: Successfully extracted value: 'AllClear'
2026/09/19 19:24:24 Lightning alert status: AllClear
2026/09/19 19:24:54 Lightning XML saved to: xml\FL0115.xml (2692 bytes)
2026/09/19 19:24:54 Lightning XML preview (converted): <?xml version="1.0" encoding="utf-16" standalone="yes"?>
<loadmovie>
  <moviename>ThorNet</moviename>
  <thordata>
    <displayname>Tradewinds Park</displayname>
    <rawstring>;2000F010007200000301360060FL01153D.</rawstring>
    <localtime>12:23:43 AM 09/20/2026</localtime>
    <emergencystate>None</emergencystate>
    <sirenstate>NotAvailable</sirenstate>
    <testresult>NotPerformed</testresult>
    <testcode>0</testcode>
    <testfailcount>0</testfailcount>
    <unitname>L75</unitname>
    <unitcode>7</unitcode>
    <range>15</range>
    <stringrevision>2</stringrevision>
    <chiprevision>0</chiprevision>
    <revisionfield>60</revisionfield>
    <switch>Back</switch>
    <switchvalue>3</switchvalue>
    <isatminingsite>False</isatminingsite>
    <isoldunit>False</isoldunit>
    <uniqueid>FL0115</uniqueid>
    <lightningalert>AllClear</lightningalert>
    <ad>0</ad>
    <di>0.0</di>
    <lhl>0</lhl>
    <fcc>3</fcc>
    <fccrate>0</fccrate>
    <energy...
2026/09/19 19:24:54 Lightning: Successfully extracted value: 'AllClear'
2026/09/19 19:24:54 Lightning alert status: AllClear
2026/09/19 19:25:00 🕐 Scheduled multi-language safety announcement triggered: [english spanish]
2026/09/19 19:25:00 Queued 2 safety announcements in sequence with 2 second intervals
2026/09/19 19:25:00 DEBUG buildAudioSequence: Type=safety, Parameters=map[language:english]
2026/09/19 19:25:00 Queued announcement: ID=ann_1789860300_2, Type=safety, Priority=3, Scheduled=2026-09-19T19:25:00-04:00
2026/09/19 19:25:00 Multi-language safety announcement queued successfully: english (ID: ann_1789860300_2, sequence: 1/2)
2026/09/19 19:25:00 Starting announcement: ID=ann_1789860300_2, Type=safety, Priority=3
2026/09/19 19:25:00 🔒 Audio mutex locked - starting announcement playback
2026/09/19 19:25:00 Playing audio: C:\Users\Ari Ellenbogen\Documents\GitHub\TARR_Annunciator\data\static\mp3/safety/safety_english.mp3 (Volume: 70%, software gain: 70%)
2026/09/19 19:25:02 DEBUG buildAudioSequence: Type=safety, Parameters=map[language:spanish]
2026/09/19 19:25:02 Queued announcement: ID=ann_1789860302_3, Type=safety, Priority=3, Scheduled=2026-09-19T19:25:02-04:00
2026/09/19 19:25:02 Multi-language safety announcement queued successfully: spanish (ID: ann_1789860302_3, sequence: 2/2)
2026/09/19 19:25:24 Lightning XML saved to: xml\FL0115.xml (2686 bytes)
2026/09/19 19:25:24 Lightning XML preview (converted): <?xml version="1.0" encoding="utf-16" standalone="yes"?>
<loadmovie>
  <moviename>ThorNet</moviename>
  <thordata>
    <displayname>Tradewinds Park</displayname>
    <rawstring>;2000F01000720000030136001SFL01155B.</rawstring>
    <localtime>12:24:14 AM 09/20/2026</localtime>
    <emergencystate>None</emergencystate>
    <sirenstate>NotAvailable</sirenstate>
    <testresult>NotPerformed</testresult>
    <testcode>0</testcode>
    <testfailcount>0</testfailcount>
    <unitname>L75</unitname>
    <unitcode>7</unitcode>
    <range>15</range>
    <stringrevision>2</stringrevision>
    <chiprevision>S</chiprevision>
    <revisionfield>1S</revisionfield>
    <switch>Back</switch>
    <switchvalue>3</switchvalue>
    <isatminingsite>False</isatminingsite>
    <isoldunit>False</isoldunit>
    <uniqueid>FL0115</uniqueid>
    <lightningalert>AllClear</lightningalert>
    <ad>0</ad>
    <di>0.0</di>
    <lhl>0</lhl>
    <fcc>3</fcc>
    <fccrate>0</fccrate>
    <energy...
2026/09/19 19:25:24 Lightning: Successfully extracted value: 'AllClear'
2026/09/19 19:25:24 Lightning alert status: AllClear
2026/09/19 19:25:34 🔓 Audio mutex unlocked - announcement playback complete
2026/09/19 19:25:34 Completed announcement: ID=ann_1789860300_2, Duration=34.7348461s
2026/09/19 19:25:34 Starting announcement: ID=ann_1789860302_3, Type=safety, Priority=3
2026/09/19 19:25:34 🔒 Audio mutex locked - starting announcement playback
2026/09/19 19:25:34 Playing audio: C:\Users\Ari Ellenbogen\Documents\GitHub\TARR_Annunciator\data\static\mp3/safety/safety_spanish.mp3 (Volume: 70%, software gain: 70%)
2026/09/19 19:25:54 Lightning XML saved to: xml\FL0115.xml (2672 bytes)
2026/09/19 19:25:54 Lightning XML preview (converted): <?xml version="1.0" encoding="utf-16" standalone="yes"?>
<loadmovie>
  <moviename>ThorNet</moviename>
  <thordata>
    <displayname>Tradewinds Park</displayname>
    <rawstring>;2000F01000710000030B16002EFL01155C.</rawstring>
    <localtime>12:24:43 AM 09/20/2026</localtime>
    <emergencystate>None</emergencystate>
    <sirenstate>NotAvailable</sirenstate>
    <testresult>Pass</testresult>
    <testcode>B</testcode>
    <testfailcount>0</testfailcount>
    <unitname>L75</unitname>
    <unitcode>7</unitcode>
    <range>15</range>
    <stringrevision>2</stringrevision>
    <chiprevision>E</chiprevision>
    <revisionfield>2E</revisionfield>
    <switch>Front</switch>
    <switchvalue>1</switchvalue>
    <isatminingsite>False</isatminingsite>
    <isoldunit>False</isoldunit>
    <uniqueid>FL0115</uniqueid>
    <lightningalert>Unknown</lightningalert>
    <ad>0</ad>
    <di>0.0</di>
    <lhl>0</lhl>
    <fcc>3</fcc>
    <fccrate>0</fccrate>
    <energypolarity...
2026/09/19 19:25:54 Lightning: Successfully extracted value: 'Unknown'
2026/09/19 19:25:54 Lightning alert status: Unknown
2026/09/19 19:25:54 Lightning condition changed from 'AllClear' to 'Unknown'
2026/09/19 19:25:54 Lightning status 'Unknown' - treating as XML error, ignoring condition change
2026/09/19 19:25:57 DEBUG: About to load emergencies JSON...
2026/09/19 19:25:57 DEBUG: loadJSON returned, type assertion complete
2026/09/19 19:25:59 DEBUG: Admin handler - loaded 4 emergencies
2026/09/19 19:25:59 DEBUG: Emergency 1: Severe Weather Warning (severe_weather)
2026/09/19 19:25:59 DEBUG: Emergency 2: Power Outage (power_outage)
2026/09/19 19:25:59 DEBUG: Emergency 3: System Shutdown (system_shutdown)
2026/09/19 19:25:59 DEBUG: Emergency 4: All Clear (all_clear)
2026/09/19 19:26:13 🔓 Audio mutex unlocked - announcement playback complete
2026/09/19 19:26:13 Completed announcement: ID=ann_1789860302_3, Duration=38.3401292s
2026/09/19 19:26:24 Lightning XML saved to: xml\FL0115.xml (2676 bytes)
2026/09/19 19:26:24 Lightning XML preview (converted): <?xml version="1.0" encoding="utf-16" standalone="yes"?>
<loadmovie>
  <moviename>ThorNet</moviename>
  <thordata>
    <displayname>Tradewinds Park</displayname>
    <rawstring>;2000F01000710000030B160074FL011550.</rawstring>
    <localtime>12:25:09 AM 09/20/2026</localtime>
    <emergencystate>None</emergencystate>
    <sirenstate>NotAvailable</sirenstate>
    <testresult>Pass</testresult>
    <testcode>B</testcode>
    <testfailcount>0</testfailcount>
    <unitname>L75</unitname>
    <unitcode>7</unitcode>
    <range>15</range>
    <stringrevision>2</stringrevision>
    <chiprevision>4</chiprevision>
    <revisionfield>74</revisionfield>
    <switch>Front</switch>
    <switchvalue>1</switchvalue>
    <isatminingsite>False</isatminingsite>
    <isoldunit>False</isoldunit>
    <uniqueid>FL0115</uniqueid>
    <lightningalert>Unknown</lightningalert>
    <ad>0</ad>
    <di>0.0</di>
    <lhl>0</lhl>
    <fcc>3</fcc>
    <fccrate>0</fccrate>
    <energypolarity...
2026/09/19 19:26:24 Lightning: Successfully extracted value: 'Unknown'
2026/09/19 19:26:24 Lightning alert status: Unknown
2026/09/19 19:26:24 Lightning condition changed from 'AllClear' to 'Unknown'
2026/09/19 19:26:24 Lightning status 'Unknown' - treating as XML error, ignoring condition change
2026/09/19 19:26:54 Lightning XML saved to: xml\FL0115.xml (2686 bytes)
2026/09/19 19:26:54 Lightning XML preview (converted): <?xml version="1.0" encoding="utf-16" standalone="yes"?>
<loadmovie>
  <moviename>ThorNet</moviename>
  <thordata>
    <displayname>Tradewinds Park</displayname>
    <rawstring>;2000F01000720000030136001SFL01155B.</rawstring>
    <localtime>12:25:44 AM 09/20/2026</localtime>
    <emergencystate>None</emergencystate>
    <sirenstate>NotAvailable</sirenstate>
    <testresult>NotPerformed</testresult>
    <testcode>0</testcode>
    <testfailcount>0</testfailcount>
    <unitname>L75</unitname>
    <unitcode>7</unitcode>
    <range>15</range>
    <stringrevision>2</stringrevision>
    <chiprevision>S</chiprevision>
    <revisionfield>1S</revisionfield>
    <switch>Back</switch>
    <switchvalue>3</switchvalue>
    <isatminingsite>False</isatminingsite>
    <isoldunit>False</isoldunit>
    <uniqueid>FL0115</uniqueid>
    <lightningalert>AllClear</lightningalert>
    <ad>0</ad>
    <di>0.0</di>
    <lhl>0</lhl>
    <fcc>3</fcc>
    <fccrate>0</fccrate>
    <energy...
2026/09/19 19:26:54 Lightning: Successfully extracted value: 'AllClear'
2026/09/19 19:26:54 Lightning alert status: AllClear
2026/09/19 19:27:24 Lightning XML saved to: xml\FL0115.xml (2672 bytes)
2026/09/19 19:27:24 Lightning XML preview (converted): <?xml version="1.0" encoding="utf-16" standalone="yes"?>
<loadmovie>
  <moviename>ThorNet</moviename>
  <thordata>
    <displayname>Tradewinds Park</displayname>
    <rawstring>;2000F01000710000030B16002EFL01155C.</rawstring>
    <localtime>12:26:13 AM 09/20/2026</localtime>
    <emergencystate>None</emergencystate>
    <sirenstate>NotAvailable</sirenstate>
    <testresult>Pass</testresult>
    <testcode>B</testcode>
    <testfailcount>0</testfailcount>
    <unitname>L75</unitname>
    <unitcode>7</unitcode>
    <range>15</range>
    <stringrevision>2</stringrevision>
    <chiprevision>E</chiprevision>
    <revisionfield>2E</revisionfield>
    <switch>Front</switch>
    <switchvalue>1</switchvalue>
    <isatminingsite>False</isatminingsite>
    <isoldunit>False</isoldunit>
    <uniqueid>FL0115</uniqueid>
    <lightningalert>Unknown</lightningalert>
    <ad>0</ad>
    <di>0.0</di>
    <lhl>0</lhl>
    <fcc>3</fcc>
    <fccrate>0</fccrate>
    <energypolarity...
2026/09/19 19:27:24 Lightning: Successfully extracted value: 'Unknown'
2026/09/19 19:27:24 Lightning alert status: Unknown
2026/09/19 19:27:24 Lightning condition changed from 'AllClear' to 'Unknown'
2026/09/19 19:27:24 Lightning status 'Unknown' - treating as XML error, ignoring condition change
2026/09/19 19:27:54 Lightning XML saved to: xml\FL0115.xml (2676 bytes)
2026/09/19 19:27:54 Lightning XML preview (converted): <?xml version="1.0" encoding="utf-16" standalone="yes"?>
<loadmovie>
  <moviename>ThorNet</moviename>
  <thordata>
    <displayname>Tradewinds Park</displayname>
    <rawstring>;2000F01000710000030B160041FL01154A.</rawstring>
    <localtime>12:26:43 AM 09/20/2026</localtime>
    <emergencystate>None</emergencystate>
    <sirenstate>NotAvailable</sirenstate>
    <testresult>Pass</testresult>
    <testcode>B</testcode>
    <testfailcount>0</testfailcount>
    <unitname>L75</unitname>
    <unitcode>7</unitcode>
    <range>15</range>
    <stringrevision>2</stringrevision>
    <chiprevision>1</chiprevision>
    <revisionfield>41</revisionfield>
    <switch>Front</switch>
    <switchvalue>1</switchvalue>
    <isatminingsite>False</isatminingsite>
    <isoldunit>False</isoldunit>
    <uniqueid>FL0115</uniqueid>
    <lightningalert>Unknown</lightningalert>
    <ad>0</ad>
    <di>0.0</di>
    <lhl>0</lhl>
    <fcc>3</fcc>
    <fccrate>0</fccrate>
    <energypolarity...
2026/09/19 19:27:54 Lightning: Successfully extracted value: 'Unknown'
2026/09/19 19:27:54 Lightning alert status: Unknown
2026/09/19 19:27:54 Lightning condition changed from 'AllClear' to 'Unknown'
2026/09/19 19:27:54 Lightning status 'Unknown' - treating as XML error, ignoring condition change
2026/09/19 19:28:24 Lightning XML saved to: xml\FL0115.xml (2676 bytes)
2026/09/19 19:28:24 Lightning XML preview (converted): <?xml version="1.0" encoding="utf-16" standalone="yes"?>
<loadmovie>
  <moviename>ThorNet</moviename>
  <thordata>
    <displayname>Tradewinds Park</displayname>
    <rawstring>;2000F01000710000030B160060FL01154B.</rawstring>
    <localtime>12:27:13 AM 09/20/2026</localtime>
    <emergencystate>None</emergencystate>
    <sirenstate>NotAvailable</sirenstate>
    <testresult>Pass</testresult>
    <testcode>B</testcode>
    <testfailcount>0</testfailcount>
    <unitname>L75</unitname>
    <unitcode>7</unitcode>
    <range>15</range>
    <stringrevision>2</stringrevision>
    <chiprevision>0</chiprevision>
    <revisionfield>60</revisionfield>
    <switch>Front</switch>
    <switchvalue>1</switchvalue>
    <isatminingsite>False</isatminingsite>
    <isoldunit>False</isoldunit>
    <uniqueid>FL0115</uniqueid>
    <lightningalert>Unknown</lightningalert>
    <ad>0</ad>
    <di>0.0</di>
    <lhl>0</lhl>
    <fcc>3</fcc>
    <fccrate>0</fccrate>
    <energypolarity...
2026/09/19 19:28:24 Lightning: Successfully extracted value: 'Unknown'
2026/09/19 19:28:24 Lightning alert status: Unknown
2026/09/19 19:28:24 Lightning condition changed from 'AllClear' to 'Unknown'
2026/09/19 19:28:24 Lightning status 'Unknown' - treating as XML error, ignoring condition change
2026/09/19 19:28:54 Lightning XML saved to: xml\FL0115.xml (2670 bytes)
2026/09/19 19:28:54 Lightning XML preview (converted): <?xml version="1.0" encoding="utf-16" standalone="yes"?>
<loadmovie>
  <moviename>ThorNet</moviename>
  <thordata>
    <displayname>Tradewinds Park</displayname>
    <rawstring>;2000F01000710000030B16001SFL011569.</rawstring>
    <localtime>12:27:44 AM 09/20/2026</localtime>
    <emergencystate>None</emergencystate>
    <sirenstate>NotAvailable</sirenstate>
    <testresult>Pass</testresult>
    <testcode>B</testcode>
    <testfailcount>0</testfailcount>
    <unitname>L75</unitname>
    <unitcode>7</unitcode>
    <range>15</range>
    <stringrevision>2</stringrevision>
    <chiprevision>S</chiprevision>
    <revisionfield>1S</revisionfield>
    <switch>Front</switch>
    <switchvalue>1</switchvalue>
    <isatminingsite>False</isatminingsite>
    <isoldunit>False</isoldunit>
    <uniqueid>FL0115</uniqueid>
    <lightningalert>Unknown</lightningalert>
    <ad>0</ad>
    <di>0.0</di>
    <lhl>0</lhl>
    <fcc>3</fcc>
    <fccrate>0</fccrate>
    <energypolarity...
2026/09/19 19:28:54 Lightning: Successfully extracted value: 'Unknown'
2026/09/19 19:28:54 Lightning alert status: Unknown
2026/09/19 19:28:54 Lightning condition changed from 'AllClear' to 'Unknown'
2026/09/19 19:28:54 Lightning status 'Unknown' - treating as XML error, ignoring condition change
2026/09/19 19:29:24 Lightning XML saved to: xml\FL0115.xml (2688 bytes)
2026/09/19 19:29:24 Lightning XML preview (converted): <?xml version="1.0" encoding="utf-16" standalone="yes"?>
<loadmovie>
  <moviename>ThorNet</moviename>
  <thordata>
    <displayname>Tradewinds Park</displayname>
    <rawstring>;2000F01000720000030136002EFL01154E.</rawstring>
    <localtime>12:28:13 AM 09/20/2026</localtime>
    <emergencystate>None</emergencystate>
    <sirenstate>NotAvailable</sirenstate>
    <testresult>NotPerformed</testresult>
    <testcode>0</testcode>
    <testfailcount>0</testfailcount>
    <unitname>L75</unitname>
    <unitcode>7</unitcode>
    <range>15</range>
    <stringrevision>2</stringrevision>
    <chiprevision>E</chiprevision>
    <revisionfield>2E</revisionfield>
    <switch>Back</switch>
    <switchvalue>3</switchvalue>
    <isatminingsite>False</isatminingsite>
    <isoldunit>False</isoldunit>
    <uniqueid>FL0115</uniqueid>
    <lightningalert>AllClear</lightningalert>
    <ad>0</ad>
    <di>0.0</di>
    <lhl>0</lhl>
    <fcc>3</fcc>
    <fccrate>0</fccrate>
    <energy...
2026/09/19 19:29:24 Lightning: Successfully extracted value: 'AllClear'
2026/09/19 19:29:24 Lightning alert status: AllClear
2026/09/19 19:29:54 Lightning XML saved to: xml\FL0115.xml (2692 bytes)
2026/09/19 19:29:54 Lightning XML preview (converted): <?xml version="1.0" encoding="utf-16" standalone="yes"?>
<loadmovie>
  <moviename>ThorNet</moviename>
  <thordata>
    <displayname>Tradewinds Park</displayname>
    <rawstring>;2000F010007200000301360041FL01153C.</rawstring>
    <localtime>12:28:43 AM 09/20/2026</localtime>
    <emergencystate>None</emergencystate>
    <sirenstate>NotAvailable</sirenstate>
    <testresult>NotPerformed</testresult>
    <testcode>0</testcode>
    <testfailcount>0</testfailcount>
    <unitname>L75</unitname>
    <unitcode>7</unitcode>
    <range>15</range>
    <stringrevision>2</stringrevision>
    <chiprevision>1</chiprevision>
    <revisionfield>41</revisionfield>
    <switch>Back</switch>
    <switchvalue>3</switchvalue>
    <isatminingsite>False</isatminingsite>
    <isoldunit>False</isoldunit>
    <uniqueid>FL0115</uniqueid>
    <lightningalert>AllClear</lightningalert>
    <ad>0</ad>
    <di>0.0</di>
    <lhl>0</lhl>
    <fcc>3</fcc>
    <fccrate>0</fccrate>
    <energy...
2026/09/19 19:29:54 Lightning: Successfully extracted value: 'AllClear'
2026/09/19 19:29:54 Lightning alert status: AllClear
2026/09/19 19:30:00 🕐 Scheduled multi-language safety announcement triggered: [english spanish]
2026/09/19 19:30:00 Queued 2 safety announcements in sequence with 2 second intervals
2026/09/19 19:30:00 DEBUG buildAudioSequence: Type=safety, Parameters=map[language:english]
2026/09/19 19:30:00 Queued announcement: ID=ann_1789860600_4, Type=safety, Priority=3, Scheduled=2026-09-19T19:30:00-04:00
2026/09/19 19:30:00 Multi-language safety announcement queued successfully: english (ID: ann_1789860600_4, sequence: 1/2)
2026/09/19 19:30:00 Starting announcement: ID=ann_1789860600_4, Type=safety, Priority=3
2026/09/19 19:30:00 🔒 Audio mutex locked - starting announcement playback
2026/09/19 19:30:00 Playing audio: C:\Users\Ari Ellenbogen\Documents\GitHub\TARR_Annunciator\data\static\mp3/safety/safety_english.mp3 (Volume: 70%, software gain: 70%)
2026/09/19 19:30:02 DEBUG buildAudioSequence: Type=safety, Parameters=map[language:spanish]
2026/09/19 19:30:02 Queued announcement: ID=ann_1789860602_5, Type=safety, Priority=3, Scheduled=2026-09-19T19:30:02-04:00
2026/09/19 19:30:02 Multi-language safety announcement queued successfully: spanish (ID: ann_1789860602_5, sequence: 2/2)
2026/09/19 19:30:24 Lightning XML saved to: xml\FL0115.xml (2692 bytes)
2026/09/19 19:30:24 Lightning XML preview (converted): <?xml version="1.0" encoding="utf-16" standalone="yes"?>
<loadmovie>
  <moviename>ThorNet</moviename>
  <thordata>
    <displayname>Tradewinds Park</displayname>
    <rawstring>;2000F010007200000301360060FL01153D.</rawstring>
    <localtime>12:29:13 AM 09/20/2026</localtime>
    <emergencystate>None</emergencystate>
    <sirenstate>NotAvailable</sirenstate>
    <testresult>NotPerformed</testresult>
    <testcode>0</testcode>
    <testfailcount>0</testfailcount>
    <unitname>L75</unitname>
    <unitcode>7</unitcode>
    <range>15</range>
    <stringrevision>2</stringrevision>
    <chiprevision>0</chiprevision>
    <revisionfield>60</revisionfield>
    <switch>Back</switch>
    <switchvalue>3</switchvalue>
    <isatminingsite>False</isatminingsite>
    <isoldunit>False</isoldunit>
    <uniqueid>FL0115</uniqueid>
    <lightningalert>AllClear</lightningalert>
    <ad>0</ad>
    <di>0.0</di>
    <lhl>0</lhl>
    <fcc>3</fcc>
    <fccrate>0</fccrate>
    <energy...
2026/09/19 19:30:24 Lightning: Successfully extracted value: 'AllClear'
2026/09/19 19:30:24 Lightning alert status: AllClear
2026/09/19 19:30:34 🔓 Audio mutex unlocked - announcement playback complete
2026/09/19 19:30:34 Completed announcement: ID=ann_1789860600_4, Duration=34.7366421s
2026/09/19 19:30:34 Starting announcement: ID=ann_1789860602_5, Type=safety, Priority=3
2026/09/19 19:30:34 🔒 Audio mutex locked - starting announcement playback
2026/09/19 19:30:34 Playing audio: C:\Users\Ari Ellenbogen\Documents\GitHub\TARR_Annunciator\data\static\mp3/safety/safety_spanish.mp3 (Volume: 70%, software gain: 70%)
2026/09/19 19:30:54 Lightning XML saved to: xml\FL0115.xml (2686 bytes)
2026/09/19 19:30:54 Lightning XML preview (converted): <?xml version="1.0" encoding="utf-16" standalone="yes"?>
<loadmovie>
  <moviename>ThorNet</moviename>
  <thordata>
    <displayname>Tradewinds Park</displayname>
    <rawstring>;2000F01000720000030136001SFL01155B.</rawstring>
    <localtime>12:29:44 AM 09/20/2026</localtime>
    <emergencystate>None</emergencystate>
    <sirenstate>NotAvailable</sirenstate>
    <testresult>NotPerformed</testresult>
    <testcode>0</testcode>
    <testfailcount>0</testfailcount>
    <unitname>L75</unitname>
    <unitcode>7</unitcode>
    <range>15</range>
    <stringrevision>2</stringrevision>
    <chiprevision>S</chiprevision>
    <revisionfield>1S</revisionfield>
    <switch>Back</switch>
    <switchvalue>3</switchvalue>
    <isatminingsite>False</isatminingsite>
    <isoldunit>False</isoldunit>
    <uniqueid>FL0115</uniqueid>
    <lightningalert>AllClear</lightningalert>
    <ad>0</ad>
    <di>0.0</di>
    <lhl>0</lhl>
    <fcc>3</fcc>
    <fccrate>0</fccrate>
    <energy...
2026/09/19 19:30:54 Lightning: Successfully extracted value: 'AllClear'
2026/09/19 19:30:54 Lightning alert status: AllClear
2026/09/19 19:31:13 🔓 Audio mutex unlocked - announcement playback complete
2026/09/19 19:31:13 Completed announcement: ID=ann_1789860602_5, Duration=38.3389035s
2026/09/19 19:31:24 Lightning XML saved to: xml\FL0115.xml (2672 bytes)
2026/09/19 19:31:24 Lightning XML preview (converted): <?xml version="1.0" encoding="utf-16" standalone="yes"?>
<loadmovie>
  <moviename>ThorNet</moviename>
  <thordata>
    <displayname>Tradewinds Park</displayname>
    <rawstring>;2000F01000710000030B16002EFL01155C.</rawstring>
    <localtime>12:30:13 AM 09/20/2026</localtime>
    <emergencystate>None</emergencystate>
    <sirenstate>NotAvailable</sirenstate>
    <testresult>Pass</testresult>
    <testcode>B</testcode>
    <testfailcount>0</testfailcount>
    <unitname>L75</unitname>
    <unitcode>7</unitcode>
    <range>15</range>
    <stringrevision>2</stringrevision>
    <chiprevision>E</chiprevision>
    <revisionfield>2E</revisionfield>
    <switch>Front</switch>
    <switchvalue>1</switchvalue>
    <isatminingsite>False</isatminingsite>
    <isoldunit>False</isoldunit>
    <uniqueid>FL0115</uniqueid>
    <lightningalert>Unknown</lightningalert>
    <ad>0</ad>
    <di>0.0</di>
    <lhl>0</lhl>
    <fcc>3</fcc>
    <fccrate>0</fccrate>
    <energypolarity...
2026/09/19 19:31:24 Lightning: Successfully extracted value: 'Unknown'
2026/09/19 19:31:24 Lightning alert status: Unknown
2026/09/19 19:31:24 Lightning condition changed from 'AllClear' to 'Unknown'
2026/09/19 19:31:24 Lightning status 'Unknown' - treating as XML error, ignoring condition change
2026/09/19 19:31:30 DEBUG: Manual Caution test triggered
2026/09/19 19:31:30 DEBUG: Manual test for condition: Caution
2026/09/19 19:31:30 Playing lightning announcement: THOR Caution
2026/09/19 19:31:30 DEBUG: Lightning parameters being sent: map[condition:Caution message:THOR Caution: Lightning monitoring system reports developing weather risk. Remain aware of changing conditions. trigger_source:LIGHTNING_TRIGGER]
2026/09/19 19:31:30 DEBUG buildAudioSequence: Type=lightning, Parameters=map[condition:Caution message:THOR Caution: Lightning monitoring system reports developing weather risk. Remain aware of changing conditions. trigger_source:LIGHTNING_TRIGGER]
2026/09/19 19:31:30 DEBUG: Lightning announcement for condition: Caution
2026/09/19 19:31:30 DEBUG: Lightning audio sequence: [C:\Users\Ari Ellenbogen\Documents\GitHub\TARR_Annunciator\data\static\mp3\lightning\thor_caution.mp3]
2026/09/19 19:31:30 Queued announcement: ID=ann_1789860690_6, Type=lightning, Priority=10, Scheduled=2026-09-19T19:31:30-04:00
2026/09/19 19:31:30 Queued HIGHEST PRIORITY lightning announcement: THOR Caution (ID: ann_1789860690_6)
2026/09/19 19:31:30 DEBUG: Audio files queued: [C:\Users\Ari Ellenbogen\Documents\GitHub\TARR_Annunciator\data\static\mp3\lightning\thor_caution.mp3]
2026/09/19 19:31:30 Starting announcement: ID=ann_1789860690_6, Type=lightning, Priority=10
2026/09/19 19:31:30 🔒 Audio mutex locked - starting announcement playback
2026/09/19 19:31:30 Playing audio: C:\Users\Ari Ellenbogen\Documents\GitHub\TARR_Annunciator\data\static\mp3\lightning\thor_caution.mp3 (Volume: 70%, software gain: 70%)
2026/09/19 19:31:52 🔓 Audio mutex unlocked - announcement playback complete
2026/09/19 19:31:52 Completed announcement: ID=ann_1789860690_6, Duration=22.1346731s
2026/09/19 19:31:54 Lightning XML saved to: xml\FL0115.xml (2676 bytes)
2026/09/19 19:31:54 Lightning XML preview (converted): <?xml version="1.0" encoding="utf-16" standalone="yes"?>
<loadmovie>
  <moviename>ThorNet</moviename>
  <thordata>
    <displayname>Tradewinds Park</displayname>
    <rawstring>;2000F01000710000030B160041FL01154A.</rawstring>
    <localtime>12:30:43 AM 09/20/2026</localtime>
    <emergencystate>None</emergencystate>
    <sirenstate>NotAvailable</sirenstate>
    <testresult>Pass</testresult>
    <testcode>B</testcode>
    <testfailcount>0</testfailcount>
    <unitname>L75</unitname>
    <unitcode>7</unitcode>
    <range>15</range>
    <stringrevision>2</stringrevision>
    <chiprevision>1</chiprevision>
    <revisionfield>41</revisionfield>
    <switch>Front</switch>
    <switchvalue>1</switchvalue>
    <isatminingsite>False</isatminingsite>
    <isoldunit>False</isoldunit>
    <uniqueid>FL0115</uniqueid>
    <lightningalert>Unknown</lightningalert>
    <ad>0</ad>
    <di>0.0</di>
    <lhl>0</lhl>
    <fcc>3</fcc>
    <fccrate>0</fccrate>
    <energypolarity...
2026/09/19 19:31:54 Lightning: Successfully extracted value: 'Unknown'
2026/09/19 19:31:54 Lightning alert status: Unknown
2026/09/19 19:31:54 Lightning condition changed from 'Caution' to 'Unknown'
2026/09/19 19:31:54 Lightning status 'Unknown' - treating as XML error, ignoring condition change
2026/09/19 19:32:24 Lightning XML saved to: xml\FL0115.xml (2692 bytes)
2026/09/19 19:32:24 Lightning XML preview (converted): <?xml version="1.0" encoding="utf-16" standalone="yes"?>
<loadmovie>
  <moviename>ThorNet</moviename>
  <thordata>
    <displayname>Tradewinds Park</displayname>
    <rawstring>;2000F010007200000301360074FL011542.</rawstring>
    <localtime>12:31:14 AM 09/20/2026</localtime>
    <emergencystate>None</emergencystate>
    <sirenstate>NotAvailable</sirenstate>
    <testresult>NotPerformed</testresult>
    <testcode>0</testcode>
    <testfailcount>0</testfailcount>
    <unitname>L75</unitname>
    <unitcode>7</unitcode>
    <range>15</range>
    <stringrevision>2</stringrevision>
    <chiprevision>4</chiprevision>
    <revisionfield>74</revisionfield>
    <switch>Back</switch>
    <switchvalue>3</switchvalue>
    <isatminingsite>False</isatminingsite>
    <isoldunit>False</isoldunit>
    <uniqueid>FL0115</uniqueid>
    <lightningalert>AllClear</lightningalert>
    <ad>0</ad>
    <di>0.0</di>
    <lhl>0</lhl>
    <fcc>3</fcc>
    <fccrate>0</fccrate>
    <energy...
2026/09/19 19:32:24 Lightning: Successfully extracted value: 'AllClear'
2026/09/19 19:32:24 Lightning alert status: AllClear
2026/09/19 19:32:24 Lightning condition changed from 'Caution' to 'AllClear'
2026/09/19 19:32:24 AllClear condition accepted - previous condition was 'Caution'
2026/09/19 19:32:24 Playing lightning announcement: THOR All Clear
2026/09/19 19:32:24 DEBUG: Lightning parameters being sent: map[condition:AllClear message:THOR All Clear: Lightning threat has diminished. Normal operations may resume with continued monitoring. trigger_source:LIGHTNING_TRIGGER]
2026/09/19 19:32:24 DEBUG buildAudioSequence: Type=lightning, Parameters=map[condition:AllClear message:THOR All Clear: Lightning threat has diminished. Normal operations may resume with continued monitoring. trigger_source:LIGHTNING_TRIGGER]
2026/09/19 19:32:24 DEBUG: Lightning announcement for condition: AllClear
2026/09/19 19:32:24 DEBUG: Lightning audio sequence: [C:\Users\Ari Ellenbogen\Documents\GitHub\TARR_Annunciator\data\static\mp3\lightning\thor_all_clear.mp3 C:\Users\Ari Ellenbogen\Documents\GitHub\TARR_Annunciator\data\static\mp3\lightning\all_clear.mp3]
2026/09/19 19:32:24 Queued announcement: ID=ann_1789860744_7, Type=lightning, Priority=10, Scheduled=2026-09-19T19:32:24-04:00
2026/09/19 19:32:24 Queued HIGHEST PRIORITY lightning announcement: THOR All Clear (ID: ann_1789860744_7)
2026/09/19 19:32:24 DEBUG: Audio files queued: [C:\Users\Ari Ellenbogen\Documents\GitHub\TARR_Annunciator\data\static\mp3\lightning\thor_all_clear.mp3 C:\Users\Ari Ellenbogen\Documents\GitHub\TARR_Annunciator\data\static\mp3\lightning\all_clear.mp3]
2026/09/19 19:32:24 Starting announcement: ID=ann_1789860744_7, Type=lightning, Priority=10
2026/09/19 19:32:24 🔒 Audio mutex locked - starting announcement playback
2026/09/19 19:32:24 Playing audio: C:\Users\Ari Ellenbogen\Documents\GitHub\TARR_Annunciator\data\static\mp3\lightning\thor_all_clear.mp3 (Volume: 70%, software gain: 70%)
2026/09/19 19:32:54 Lightning XML saved to: xml\FL0115.xml (2670 bytes)
2026/09/19 19:32:54 Lightning XML preview (converted): <?xml version="1.0" encoding="utf-16" standalone="yes"?>
<loadmovie>
  <moviename>ThorNet</moviename>
  <thordata>
    <displayname>Tradewinds Park</displayname>
    <rawstring>;2000F01000710000030B16001SFL011569.</rawstring>
    <localtime>12:31:43 AM 09/20/2026</localtime>
    <emergencystate>None</emergencystate>
    <sirenstate>NotAvailable</sirenstate>
    <testresult>Pass</testresult>
    <testcode>B</testcode>
    <testfailcount>0</testfailcount>
    <unitname>L75</unitname>
    <unitcode>7</unitcode>
    <range>15</range>
    <stringrevision>2</stringrevision>
    <chiprevision>S</chiprevision>
    <revisionfield>1S</revisionfield>
    <switch>Front</switch>
    <switchvalue>1</switchvalue>
    <isatminingsite>False</isatminingsite>
    <isoldunit>False</isoldunit>
    <uniqueid>FL0115</uniqueid>
    <lightningalert>Unknown</lightningalert>
    <ad>0</ad>
    <di>0.0</di>
    <lhl>0</lhl>
    <fcc>3</fcc>
    <fccrate>0</fccrate>
    <energypolarity...
2026/09/19 19:32:54 Lightning: Successfully extracted value: 'Unknown'
2026/09/19 19:32:54 Lightning alert status: Unknown
2026/09/19 19:32:54 Lightning condition changed from 'AllClear' to 'Unknown'
2026/09/19 19:32:54 Lightning status 'Unknown' - treating as XML error, ignoring condition change
2026/09/19 19:32:56 Playing audio: C:\Users\Ari Ellenbogen\Documents\GitHub\TARR_Annunciator\data\static\mp3\lightning\all_clear.mp3 (Volume: 70%, software gain: 70%)
2026/09/19 19:33:24 Lightning XML saved to: xml\FL0115.xml (2676 bytes)
2026/09/19 19:33:24 Lightning XML preview (converted): <?xml version="1.0" encoding="utf-16" standalone="yes"?>
<loadmovie>
  <moviename>ThorNet</moviename>
  <thordata>
    <displayname>Tradewinds Park</displayname>
    <rawstring>;2000F01000710000030B160032FL01154A.</rawstring>
    <localtime>12:32:14 AM 09/20/2026</localtime>
    <emergencystate>None</emergencystate>
    <sirenstate>NotAvailable</sirenstate>
    <testresult>Pass</testresult>
    <testcode>B</testcode>
    <testfailcount>0</testfailcount>
    <unitname>L75</unitname>
    <unitcode>7</unitcode>
    <range>15</range>
    <stringrevision>2</stringrevision>
    <chiprevision>2</chiprevision>
    <revisionfield>32</revisionfield>
    <switch>Front</switch>
    <switchvalue>1</switchvalue>
    <isatminingsite>False</isatminingsite>
    <isoldunit>False</isoldunit>
    <uniqueid>FL0115</uniqueid>
    <lightningalert>Unknown</lightningalert>
    <ad>0</ad>
    <di>0.0</di>
    <lhl>0</lhl>
    <fcc>3</fcc>
    <fccrate>0</fccrate>
    <energypolarity...
2026/09/19 19:33:24 Lightning: Successfully extracted value: 'Unknown'
2026/09/19 19:33:24 Lightning alert status: Unknown
2026/09/19 19:33:24 Lightning condition changed from 'AllClear' to 'Unknown'
2026/09/19 19:33:24 Lightning status 'Unknown' - treating as XML error, ignoring condition change
2026/09/19 19:33:27 🔓 Audio mutex unlocked - announcement playback complete
2026/09/19 19:33:27 Completed announcement: ID=ann_1789860744_7, Duration=1m2.7298775s
2026/09/19 19:33:54 Lightning XML saved to: xml\FL0115.xml (2676 bytes)
2026/09/19 19:33:54 Lightning XML preview (converted): <?xml version="1.0" encoding="utf-16" standalone="yes"?>
<loadmovie>
  <moviename>ThorNet</moviename>
  <thordata>
    <displayname>Tradewinds Park</displayname>
    <rawstring>;2001E01000710000030B160060FL01154B.</rawstring>
    <localtime>12:32:43 AM 09/20/2026</localtime>
    <emergencystate>None</emergencystate>
    <sirenstate>NotAvailable</sirenstate>
    <testresult>Pass</testresult>
    <testcode>B</testcode>
    <testfailcount>0</testfailcount>
    <unitname>L75</unitname>
    <unitcode>7</unitcode>
    <range>15</range>
    <stringrevision>2</stringrevision>
    <chiprevision>0</chiprevision>
    <revisionfield>60</revisionfield>
    <switch>Front</switch>
    <switchvalue>1</switchvalue>
    <isatminingsite>False</isatminingsite>
    <isoldunit>False</isoldunit>
    <uniqueid>FL0115</uniqueid>
    <lightningalert>Unknown</lightningalert>
    <ad>0</ad>
    <di>0.0</di>
    <lhl>0</lhl>
    <fcc>3</fcc>
    <fccrate>0</fccrate>
    <energypolarity...
2026/09/19 19:33:54 Lightning: Successfully extracted value: 'Unknown'
2026/09/19 19:33:54 Lightning alert status: Unknown
2026/09/19 19:33:54 Lightning condition changed from 'AllClear' to 'Unknown'
2026/09/19 19:33:54 Lightning status 'Unknown' - treating as XML error, ignoring condition change
2026/09/19 19:34:24 Lightning XML saved to: xml\FL0115.xml (2692 bytes)
2026/09/19 19:34:24 Lightning XML preview (converted): <?xml version="1.0" encoding="utf-16" standalone="yes"?>
<loadmovie>
  <moviename>ThorNet</moviename>
  <thordata>
    <displayname>Tradewinds Park</displayname>
    <rawstring>;2000F010007200000301360074FL011542.</rawstring>
    <localtime>12:33:13 AM 09/20/2026</localtime>
    <emergencystate>None</emergencystate>
    <sirenstate>NotAvailable</sirenstate>
    <testresult>NotPerformed</testresult>
    <testcode>0</testcode>
    <testfailcount>0</testfailcount>
    <unitname>L75</unitname>
    <unitcode>7</unitcode>
    <range>15</range>
    <stringrevision>2</stringrevision>
    <chiprevision>4</chiprevision>
    <revisionfield>74</revisionfield>
    <switch>Back</switch>
    <switchvalue>3</switchvalue>
    <isatminingsite>False</isatminingsite>
    <isoldunit>False</isoldunit>
    <uniqueid>FL0115</uniqueid>
    <lightningalert>AllClear</lightningalert>
    <ad>0</ad>
    <di>0.0</di>
    <lhl>0</lhl>
    <fcc>3</fcc>
    <fccrate>0</fccrate>
    <energy...
2026/09/19 19:34:24 Lightning: Successfully extracted value: 'AllClear'
2026/09/19 19:34:24 Lightning alert status: AllClear
2026/09/19 19:34:54 Lightning XML saved to: xml\FL0115.xml (2688 bytes)
2026/09/19 19:34:54 Lightning XML preview (converted): <?xml version="1.0" encoding="utf-16" standalone="yes"?>
<loadmovie>
  <moviename>ThorNet</moviename>
  <thordata>
    <displayname>Tradewinds Park</displayname>
    <rawstring>;2000F01000720000030136002EFL01154E.</rawstring>
    <localtime>12:33:43 AM 09/20/2026</localtime>
    <emergencystate>None</emergencystate>
    <sirenstate>NotAvailable</sirenstate>
    <testresult>NotPerformed</testresult>
    <testcode>0</testcode>
    <testfailcount>0</testfailcount>
    <unitname>L75</unitname>
    <unitcode>7</unitcode>
    <range>15</range>
    <stringrevision>2</stringrevision>
    <chiprevision>E</chiprevision>
    <revisionfield>2E</revisionfield>
    <switch>Back</switch>
    <switchvalue>3</switchvalue>
    <isatminingsite>False</isatminingsite>
    <isoldunit>False</isoldunit>
    <uniqueid>FL0115</uniqueid>
    <lightningalert>AllClear</lightningalert>
    <ad>0</ad>
    <di>0.0</di>
    <lhl>0</lhl>
    <fcc>3</fcc>
    <fccrate>0</fccrate>
    <energy...
2026/09/19 19:34:54 Lightning: Successfully extracted value: 'AllClear'
2026/09/19 19:34:54 Lightning alert status: AllClear
2026/09/19 19:35:00 🕐 Scheduled multi-language safety announcement triggered: [english spanish]
2026/09/19 19:35:00 Queued 2 safety announcements in sequence with 2 second intervals
2026/09/19 19:35:00 DEBUG buildAudioSequence: Type=safety, Parameters=map[language:english]
2026/09/19 19:35:00 Queued announcement: ID=ann_1789860900_8, Type=safety, Priority=3, Scheduled=2026-09-19T19:35:00-04:00
2026/09/19 19:35:00 Multi-language safety announcement queued successfully: english (ID: ann_1789860900_8, sequence: 1/2)
2026/09/19 19:35:00 Starting announcement: ID=ann_1789860900_8, Type=safety, Priority=3
2026/09/19 19:35:00 🔒 Audio mutex locked - starting announcement playback
2026/09/19 19:35:00 Playing audio: C:\Users\Ari Ellenbogen\Documents\GitHub\TARR_Annunciator\data\static\mp3/safety/safety_english.mp3 (Volume: 70%, software gain: 70%)
2026/09/19 19:35:02 DEBUG buildAudioSequence: Type=safety, Parameters=map[language:spanish]
2026/09/19 19:35:02 Queued announcement: ID=ann_1789860902_9, Type=safety, Priority=3, Scheduled=2026-09-19T19:35:02-04:00
2026/09/19 19:35:02 Multi-language safety announcement queued successfully: spanish (ID: ann_1789860902_9, sequence: 2/2)
2026/09/19 19:35:24 Lightning XML saved to: xml\FL0115.xml (2692 bytes)
2026/09/19 19:35:24 Lightning XML preview (converted): <?xml version="1.0" encoding="utf-16" standalone="yes"?>
<loadmovie>
  <moviename>ThorNet</moviename>
  <thordata>
    <displayname>Tradewinds Park</displayname>
    <rawstring>;2000F010007200000301360041FL01153C.</rawstring>
    <localtime>12:34:13 AM 09/20/2026</localtime>
    <emergencystate>None</emergencystate>
    <sirenstate>NotAvailable</sirenstate>
    <testresult>NotPerformed</testresult>
    <testcode>0</testcode>
    <testfailcount>0</testfailcount>
    <unitname>L75</unitname>
    <unitcode>7</unitcode>
    <range>15</range>
    <stringrevision>2</stringrevision>
    <chiprevision>1</chiprevision>
    <revisionfield>41</revisionfield>
    <switch>Back</switch>
    <switchvalue>3</switchvalue>
    <isatminingsite>False</isatminingsite>
    <isoldunit>False</isoldunit>
    <uniqueid>FL0115</uniqueid>
    <lightningalert>AllClear</lightningalert>
    <ad>0</ad>
    <di>0.0</di>
    <lhl>0</lhl>
    <fcc>3</fcc>
    <fccrate>0</fccrate>
    <energy...
2026/09/19 19:35:24 Lightning: Successfully extracted value: 'AllClear'
2026/09/19 19:35:24 Lightning alert status: AllClear
2026/09/19 19:35:34 🔓 Audio mutex unlocked - announcement playback complete
2026/09/19 19:35:34 Completed announcement: ID=ann_1789860900_8, Duration=34.7328584s
2026/09/19 19:35:34 Starting announcement: ID=ann_1789860902_9, Type=safety, Priority=3
2026/09/19 19:35:34 🔒 Audio mutex locked - starting announcement playback
2026/09/19 19:35:34 Playing audio: C:\Users\Ari Ellenbogen\Documents\GitHub\TARR_Annunciator\data\static\mp3/safety/safety_spanish.mp3 (Volume: 70%, software gain: 70%)
2026/09/19 19:35:54 Lightning XML saved to: xml\FL0115.xml (2692 bytes)
2026/09/19 19:35:54 Lightning XML preview (converted): <?xml version="1.0" encoding="utf-16" standalone="yes"?>
<loadmovie>
  <moviename>ThorNet</moviename>
  <thordata>
    <displayname>Tradewinds Park</displayname>
    <rawstring>;2000F010007200000301360060FL01153D.</rawstring>
    <localtime>12:34:43 AM 09/20/2026</localtime>
    <emergencystate>None</emergencystate>
    <sirenstate>NotAvailable</sirenstate>
    <testresult>NotPerformed</testresult>
    <testcode>0</testcode>
    <testfailcount>0</testfailcount>
    <unitname>L75</unitname>
    <unitcode>7</unitcode>
    <range>15</range>
    <stringrevision>2</stringrevision>
    <chiprevision>0</chiprevision>
    <revisionfield>60</revisionfield>
    <switch>Back</switch>
    <switchvalue>3</switchvalue>
    <isatminingsite>False</isatminingsite>
    <isoldunit>False</isoldunit>
    <uniqueid>FL0115</uniqueid>
    <lightningalert>AllClear</lightningalert>
    <ad>0</ad>
    <di>0.0</di>
    <lhl>0</lhl>
    <fcc>3</fcc>
    <fccrate>0</fccrate>
    <energy...
2026/09/19 19:35:54 Lightning: Successfully extracted value: 'AllClear'
2026/09/19 19:35:54 Lightning alert status: AllClear
2026/09/19 19:36:13 🔓 Audio mutex unlocked - announcement playback complete
2026/09/19 19:36:13 Completed announcement: ID=ann_1789860902_9, Duration=38.3327307s
2026/09/19 19:36:24 Lightning XML saved to: xml\FL0115.xml (2686 bytes)
2026/09/19 19:36:24 Lightning XML preview (converted): <?xml version="1.0" encoding="utf-16" standalone="yes"?>
<loadmovie>
  <moviename>ThorNet</moviename>
  <thordata>
    <displayname>Tradewinds Park</displayname>
    <rawstring>;2000F01000720000030136001SFL01155B.</rawstring>
    <localtime>12:35:13 AM 09/20/2026</localtime>
    <emergencystate>None</emergencystate>
    <sirenstate>NotAvailable</sirenstate>
    <testresult>NotPerformed</testresult>
    <testcode>0</testcode>
    <testfailcount>0</testfailcount>
    <unitname>L75</unitname>
    <unitcode>7</unitcode>
    <range>15</range>
    <stringrevision>2</stringrevision>
    <chiprevision>S</chiprevision>
    <revisionfield>1S</revisionfield>
    <switch>Back</switch>
    <switchvalue>3</switchvalue>
    <isatminingsite>False</isatminingsite>
    <isoldunit>False</isoldunit>
    <uniqueid>FL0115</uniqueid>
    <lightningalert>AllClear</lightningalert>
    <ad>0</ad>
    <di>0.0</di>
    <lhl>0</lhl>
    <fcc>3</fcc>
    <fccrate>0</fccrate>
    <energy...
2026/09/19 19:36:24 Lightning: Successfully extracted value: 'AllClear'
2026/09/19 19:36:24 Lightning alert status: AllClear
2026/09/19 19:36:54 Lightning XML saved to: xml\FL0115.xml (2692 bytes)
2026/09/19 19:36:54 Lightning XML preview (converted): <?xml version="1.0" encoding="utf-16" standalone="yes"?>
<loadmovie>
  <moviename>ThorNet</moviename>
  <thordata>
    <displayname>Tradewinds Park</displayname>
    <rawstring>;2000F010007200000301360032FL01153C.</rawstring>
    <localtime>12:35:44 AM 09/20/2026</localtime>
    <emergencystate>None</emergencystate>
    <sirenstate>NotAvailable</sirenstate>
    <testresult>NotPerformed</testresult>
    <testcode>0</testcode>
    <testfailcount>0</testfailcount>
    <unitname>L75</unitname>
    <unitcode>7</unitcode>
    <range>15</range>
    <stringrevision>2</stringrevision>
    <chiprevision>2</chiprevision>
    <revisionfield>32</revisionfield>
    <switch>Back</switch>
    <switchvalue>3</switchvalue>
    <isatminingsite>False</isatminingsite>
    <isoldunit>False</isoldunit>
    <uniqueid>FL0115</uniqueid>
    <lightningalert>AllClear</lightningalert>
    <ad>0</ad>
    <di>0.0</di>
    <lhl>0</lhl>
    <fcc>3</fcc>
    <fccrate>0</fccrate>
    <energy...
2026/09/19 19:36:54 Lightning: Successfully extracted value: 'AllClear'
2026/09/19 19:36:54 Lightning alert status: AllClear
2026/09/19 19:37:00 Received shutdown signal, cleaning up...
2026/09/19 19:37:00 Scheduler stopped
2026/09/19 19:37:00 Lightning trigger stopped
2026/09/19 19:37:00 === TARR Annunciator Shutting Down ===
2026/09/19 19:37:00 Timestamp: 2026-09-19 19:37:00
2026/09/19 19:37:00 =======================================
