2026/09/20 20:16:01 === TARR Annunciator Started ===
2026/09/20 20:16:01 Version: 1.1.5 (installed record: 1.1.5)
2026/09/20 20:16:01 Platform: linux/amd64
2026/09/20 20:16:01 Log file: /mnt/c/Users/Ari Ellenbogen/Documents/GitHub/TARR_Annunciator/data/logs/tarr-annunciator_2026-09-20_20-16-01.log
2026/09/20 20:16:01 Log rotation: max 10 MB per file, keep 5 files, delete after 30 days
2026/09/20 20:16:01 Timestamp: 2026-09-20 20:16:01
2026/09/20 20:16:01 =====================================
2026/09/20 20:16:01 Log retention: 5 file(s), 0.04 MB total (max 10 MB/file, keep 5 files, 30 days)
2026/09/20 20:16:01 Audio initialization failed: failed to initialize speaker: oto: ALSA error: No such file or directory
2026/09/20 20:16:01 Could not read ALSA mixer; leaving software volume at 70%
2026/09/20 20:16:01 Note: timedatectl set-ntp true skipped (exit status 1)
2026/09/20 20:16:01 ✓ Time sync from pool.ntp.org (offset -624ms, app time 2026-09-20 20:16:01 EDT)
2026/09/20 20:16:01 Operating hours CLOSED (America/New_York) — scheduled announcements paused
2026/09/20 20:16:01 Schema migrations: nothing to do (1.1.5 → 1.1.5)
2026/09/20 20:16:01 Announcement manager initialized with queuing system
2026/09/20 20:16:01 ✓ Announcement queue system initialized
2026/09/20 20:16:01 ✓ Loaded Broward Thor Guard catalog (19 sensors)
2026/09/20 20:16:01 ✓ Loaded lightning configuration with 5 announcements
2026/09/20 20:16:01   - Red Alert policy: preempt=true suppress=true reminder=true every 5m file=Voice_RedAlert_Reminder.mp3
2026/09/20 20:16:01 ✓ Lightning trigger system initialized and started
2026/09/20 20:16:01   - Active feed: primary URL: https://broward.thormobile4.net/tp/FL0115.xml
2026/09/20 20:16:01   - Fetch interval: 60 seconds
2026/09/20 20:16:01 Lightning trigger 'Lightning Alert Monitor' started with 60 second interval
2026/09/20 20:16:01 Updating scheduler...
2026/09/20 20:16:01 Scheduled: */3 * * * * - [english spanish] (multi-language, 2s delay)
2026/09/20 20:16:01 Scheduler updated with 1 active jobs.
2026/09/20 20:16:01 Starting TARR Annunciator Go Server...
2026/09/20 20:16:01 Audio system: Not Available
2026/09/20 20:16:01 Access the application at: http://localhost:8080
2026/09/20 20:16:01 Admin interface at: http://localhost:8080/admin
2026/09/20 20:16:02 Lightning condition changed from 'Reset' to 'AllClear' (feed=primary)
2026/09/20 20:16:02 AllClear condition ignored for announce/lock — previous condition was 'Reset' (not RedAlert)
2026/09/20 20:18:00 Skipping scheduled safety announcement (outside operating hours)
2026/09/20 20:19:02 Lightning feed primary failure (unknown_condition): Unknown
2026/09/20 20:20:01 Lightning feed primary failure (unknown_condition): Unknown
2026/09/20 20:21:00 Skipping scheduled safety announcement (outside operating hours)
2026/09/20 20:21:01 Lightning feed primary failure (unknown_condition): Unknown
2026/09/20 20:22:01 Lightning trigger fetch recovered after: Lightning feed primary failure (unknown_condition): Unknown
2026/09/20 20:24:00 Skipping scheduled safety announcement (outside operating hours)
2026/09/20 20:24:02 Lightning feed primary failure (unknown_condition): Unknown
2026/09/20 20:25:01 Lightning feed primary failure (unknown_condition): Unknown
2026/09/20 20:26:02 Lightning trigger fetch recovered after: Lightning feed primary failure (unknown_condition): Unknown
2026/09/20 20:27:00 Skipping scheduled safety announcement (outside operating hours)
2026/09/20 20:28:01 Lightning feed primary failure (unknown_condition): Unknown
2026/09/20 20:29:02 Lightning feed primary failure (unknown_condition): Unknown
