2026/09/20 19:50:01 === TARR Annunciator Started ===
2026/09/20 19:50:01 Version: 1.1.5-wsl-test (installed record: 1.1.5-wsl-test)
2026/09/20 19:50:01 Platform: linux/amd64
2026/09/20 19:50:01 Log file: /mnt/c/Users/Ari Ellenbogen/Documents/GitHub/TARR_Annunciator/data/logs/tarr-annunciator_2026-09-20_19-50-01.log
2026/09/20 19:50:01 Log rotation: max 10 MB per file, keep 5 files, delete after 30 days
2026/09/20 19:50:01 Timestamp: 2026-09-20 19:50:01
2026/09/20 19:50:01 =====================================
2026/09/20 19:50:01 Log retention: 5 file(s), 0.03 MB total (max 10 MB/file, keep 5 files, 30 days)
2026/09/20 19:50:01 Audio initialization failed: failed to initialize speaker: oto: ALSA error: No such file or directory
2026/09/20 19:50:01 Could not read ALSA mixer; leaving software volume at 70%
2026/09/20 19:50:02 Note: timedatectl set-ntp true skipped (exit status 1)
2026/09/20 19:50:02 ✓ Time sync from pool.ntp.org (offset -597ms, app time 2026-09-20 19:50:01 EDT)
2026/09/20 19:50:02 Operating hours CLOSED (America/New_York) — scheduled announcements paused
2026/09/20 19:50:02 Schema migrations: nothing to do (1.1.5-wsl-test → 1.1.5-wsl-test)
2026/09/20 19:50:02 Announcement manager initialized with queuing system
2026/09/20 19:50:02 ✓ Announcement queue system initialized
2026/09/20 19:50:02 ✓ Loaded Broward Thor Guard catalog (19 sensors)
2026/09/20 19:50:02 ✓ Loaded lightning configuration with 5 announcements
2026/09/20 19:50:02   - Red Alert policy: preempt=true suppress=true reminder=true every 5m file=Voice_RedAlert_Reminder.mp3
2026/09/20 19:50:02 ✓ Lightning trigger system initialized and started
2026/09/20 19:50:02   - Active feed: primary URL: https://broward.thormobile4.net/tp/FL0115.xml
2026/09/20 19:50:02   - Fetch interval: 60 seconds
2026/09/20 19:50:02 Lightning trigger 'Lightning Alert Monitor' started with 60 second interval
2026/09/20 19:50:02 Updating scheduler...
2026/09/20 19:50:02 Scheduled: */3 * * * * - [english spanish] (multi-language, 2s delay)
2026/09/20 19:50:02 Scheduler updated with 1 active jobs.
2026/09/20 19:50:02 Starting TARR Annunciator Go Server...
2026/09/20 19:50:02 Audio system: Not Available
2026/09/20 19:50:02 Access the application at: http://localhost:8080
2026/09/20 19:50:02 Admin interface at: http://localhost:8080/admin
2026/09/20 19:50:02 Lightning condition changed from 'Reset' to 'AllClear' (feed=primary)
2026/09/20 19:50:02 AllClear condition ignored for announce/lock — previous condition was 'Reset' (not RedAlert)
2026/09/20 19:51:00 Skipping scheduled safety announcement (outside operating hours)
2026/09/20 19:51:02 Lightning feed primary failure (unknown_condition): Unknown
2026/09/20 19:52:02 Lightning feed primary failure (unknown_condition): Unknown
2026/09/20 19:52:35 DEBUG: About to load emergencies JSON...
2026/09/20 19:52:35 DEBUG: loadJSON returned, type assertion complete
2026/09/20 19:52:35 Detected platform: linux
2026/09/20 19:52:35 PipeWire not available (pw-cli): exec: "pw-cli": executable file not found in $PATH
2026/09/20 19:52:35 PipeWire not available (wpctl): exec: "wpctl": executable file not found in $PATH
2026/09/20 19:52:35 Trying PipeWire through PulseAudio compatibility layer
2026/09/20 19:52:36 PulseAudio compatibility layer not available: exec: "pactl": executable file not found in $PATH
2026/09/20 19:52:36 PulseAudio not available: exec: "pactl": executable file not found in $PATH
2026/09/20 19:52:36 No audio devices detected, using default
2026/09/20 19:52:36 DEBUG: Admin handler - loaded 4 emergencies
2026/09/20 19:52:36 DEBUG: Emergency 1: Severe Weather Warning (severe_weather)
2026/09/20 19:52:36 DEBUG: Emergency 2: Power Outage (power_outage)
2026/09/20 19:52:36 DEBUG: Emergency 3: System Shutdown (system_shutdown)
2026/09/20 19:52:36 DEBUG: Emergency 4: All Clear (all_clear)
2026/09/20 19:52:36 Error getting devices: exec: "bluetoothctl": executable file not found in $PATH
2026/09/20 19:52:37 Detected platform: linux
2026/09/20 19:52:37 PipeWire not available (pw-cli): exec: "pw-cli": executable file not found in $PATH
2026/09/20 19:52:37 PipeWire not available (wpctl): exec: "wpctl": executable file not found in $PATH
2026/09/20 19:52:37 Trying PipeWire through PulseAudio compatibility layer
2026/09/20 19:52:37 PulseAudio compatibility layer not available: exec: "pactl": executable file not found in $PATH
2026/09/20 19:52:37 PulseAudio not available: exec: "pactl": executable file not found in $PATH
2026/09/20 19:52:37 No audio devices detected, using default
2026/09/20 19:53:02 Lightning feed primary failure (unknown_condition): Unknown
2026/09/20 19:54:00 Skipping scheduled safety announcement (outside operating hours)
2026/09/20 19:54:02 Lightning feed primary failure (unknown_condition): Unknown
2026/09/20 19:55:02 Lightning trigger fetch recovered after: Lightning feed primary failure (unknown_condition): Unknown
2026/09/20 19:56:48 Received shutdown signal, cleaning up...
2026/09/20 19:56:48 Scheduler stopped
2026/09/20 19:56:48 Lightning trigger stopped
2026/09/20 19:56:48 === TARR Annunciator Shutting Down ===
2026/09/20 19:56:48 Lightning trigger 'Lightning Alert Monitor' stopped
2026/09/20 19:56:48 Timestamp: 2026-09-20 19:56:48
2026/09/20 19:56:48 =======================================
