2026/09/20 17:51:05 === TARR Annunciator Started ===
2026/09/20 17:51:05 Version: 1.1.5-wsl-test (installed record: 1.1.5-wsl-test)
2026/09/20 17:51:05 Platform: linux/amd64
2026/09/20 17:51:05 Log file: /mnt/c/Users/Ari Ellenbogen/Documents/GitHub/TARR_Annunciator/data/logs/tarr-annunciator_2026-09-20_17-51-05.log
2026/09/20 17:51:05 Log rotation: max 10 MB per file, keep 5 files, delete after 30 days
2026/09/20 17:51:05 Timestamp: 2026-09-20 17:51:05
2026/09/20 17:51:05 =====================================
2026/09/20 17:51:05 Log retention: 5 file(s), 0.04 MB total (max 10 MB/file, keep 5 files, 30 days)
2026/09/20 17:51:05 Audio initialization failed: failed to initialize speaker: oto: ALSA error: No such file or directory
2026/09/20 17:51:05 Could not read ALSA mixer; leaving software volume at 70%
2026/09/20 17:51:05 Note: timedatectl set-ntp true skipped (exit status 1)
2026/09/20 17:51:05 ✓ Time sync from pool.ntp.org (offset -500ms, app time 2026-09-20 17:51:05 EDT)
2026/09/20 17:51:05 Operating hours CLOSED (America/New_York) — scheduled announcements paused
2026/09/20 17:51:05 Schema migrations: nothing to do (1.1.5-wsl-test → 1.1.5-wsl-test)
2026/09/20 17:51:05 Announcement manager initialized with queuing system
2026/09/20 17:51:05 ✓ Announcement queue system initialized
2026/09/20 17:51:05 ✓ Loaded Broward Thor Guard catalog (19 sensors)
2026/09/20 17:51:05 ✓ Loaded lightning configuration with 5 announcements
2026/09/20 17:51:05   - Red Alert policy: preempt=true suppress=true reminder=true every 5m file=Voice_RedAlert_Reminder.mp3
2026/09/20 17:51:05 ✓ Lightning trigger system initialized and started
2026/09/20 17:51:05   - Active feed: primary URL: https://broward.thormobile4.net/tp/FL0115.xml
2026/09/20 17:51:05 Lightning trigger 'Lightning Alert Monitor' started with 60 second interval
2026/09/20 17:51:05   - Fetch interval: 60 seconds
2026/09/20 17:51:05 Updating scheduler...
2026/09/20 17:51:05 Scheduled: */3 * * * * - [english spanish] (multi-language, 2s delay)
2026/09/20 17:51:05 Scheduler updated with 1 active jobs.
2026/09/20 17:51:05 Starting TARR Annunciator Go Server...
2026/09/20 17:51:05 Audio system: Not Available
2026/09/20 17:51:05 Access the application at: http://localhost:8080
2026/09/20 17:51:05 Admin interface at: http://localhost:8080/admin
2026/09/20 17:51:05 Lightning condition changed from 'Reset' to 'AllClear' (feed=primary)
2026/09/20 17:51:05 AllClear condition ignored for announce/lock — previous condition was 'Reset' (not RedAlert)
2026/09/20 17:51:41 Received shutdown signal, cleaning up...
2026/09/20 17:51:41 Scheduler stopped
2026/09/20 17:51:41 Lightning trigger stopped
2026/09/20 17:51:41 === TARR Annunciator Shutting Down ===
2026/09/20 17:51:41 Timestamp: 2026-09-20 17:51:41
2026/09/20 17:51:41 Lightning trigger 'Lightning Alert Monitor' stopped
2026/09/20 17:51:41 =======================================
