Starting TARR Annunciator...
2026/09/21 12:43:11 === TARR Annunciator Started ===
2026/09/21 12:43:11 Version: 1.1.3 (installed record: 1.1.3)
2026/09/21 12:43:11 Platform: linux/amd64
2026/09/21 12:43:11 Log file: /mnt/c/Users/Ari Ellenbogen/Documents/GitHub/TARR_Annunciator/data/logs/tarr-annunciator_2026-09-21_12-43-11.log
2026/09/21 12:43:11 Log rotation: max 10 MB per file, keep 5 files, delete after 30 days
2026/09/21 12:43:11 Timestamp: 2026-09-21 12:43:11
2026/09/21 12:43:11 =====================================
2026/09/21 12:43:11 Log retention: 5 file(s), 0.02 MB total (max 10 MB/file, keep 5 files, 30 days)
ALSA lib confmisc.c:855:(parse_card) cannot find card '0'
ALSA lib conf.c:5205:(_snd_config_evaluate) function snd_func_card_inum returned error: No such file or directory
ALSA lib confmisc.c:422:(snd_func_concat) error evaluating strings
ALSA lib conf.c:5205:(_snd_config_evaluate) function snd_func_concat returned error: No such file or directory
ALSA lib confmisc.c:1342:(snd_func_refer) error evaluating name
ALSA lib conf.c:5205:(_snd_config_evaluate) function snd_func_refer returned error: No such file or directory
ALSA lib conf.c:5728:(snd_config_expand) Evaluate error: No such file or directory
ALSA lib pcm.c:2722:(snd_pcm_open_noupdate) Unknown PCM default
2026/09/21 12:43:11 Audio initialization failed: failed to initialize speaker: oto: ALSA error: No such file or directory
2026/09/21 12:43:11 Could not read ALSA mixer; leaving software volume at 70%
2026/09/21 12:43:11 Note: timedatectl set-ntp true skipped (exit status 1)
2026/09/21 12:43:11 ✓ Time sync from pool.ntp.org (offset -277ms, app time 2026-09-21 12:43:11 EDT)
2026/09/21 12:43:11 Operating hours CLOSED (America/New_York) — scheduled announcements paused
2026/09/21 12:43:11 Schema migrations: nothing to do (1.1.3 → 1.1.3)
2026/09/21 12:43:11 Announcement manager initialized with queuing system
2026/09/21 12:43:11 ✓ Announcement queue system initialized
2026/09/21 12:43:11 ✓ Loaded Broward Thor Guard catalog (19 sensors)
2026/09/21 12:43:11 ✓ Loaded lightning configuration with 5 announcements
2026/09/21 12:43:11   - Red Alert policy: preempt=true suppress=true reminder=true every 5m file=Voice_RedAlert_Reminder.mp3
2026/09/21 12:43:11 ✓ Lightning trigger system initialized and started
2026/09/21 12:43:11   - Active feed: primary URL: https://broward.thormobile4.net/tp/FL0115.xml
2026/09/21 12:43:11   - Fetch interval: 60 seconds
2026/09/21 12:43:11 Lightning trigger 'Lightning Alert Monitor' started with 60 second interval
2026/09/21 12:43:11 Updating scheduler...
2026/09/21 12:43:11 Scheduled: */3 * * * * - [english spanish] (multi-language, 2s delay)
2026/09/21 12:43:11 Scheduler updated with 1 active jobs.
2026/09/21 12:43:11 Starting TARR Annunciator Go Server...
2026/09/21 12:43:11 Audio system: Not Available
2026/09/21 12:43:11 Access the application at: http://localhost:8080
2026/09/21 12:43:11 Admin interface at: http://localhost:8080/admin
2026/09/21 12:43:12 Lightning feed primary failure (unknown_condition): Unknown
[GIN] 2026/09/21 - 12:43:15 | 200 |      1.8219ms |             ::1 | GET      "/api/queue/history?limit=10"
[GIN] 2026/09/21 - 12:43:15 | 200 |      2.1597ms |             ::1 | GET      "/api/queue/status"
[GIN] 2026/09/21 - 12:43:15 | 200 |      5.8309ms |             ::1 | GET      "/admin/lightning/status"
[GIN] 2026/09/21 - 12:43:20 | 200 |        70.7µs |             ::1 | GET      "/api/queue/status"
[GIN] 2026/09/21 - 12:43:20 | 200 |        65.6µs |             ::1 | GET      "/api/queue/history?limit=10"
[GIN] 2026/09/21 - 12:43:20 | 200 |      7.8884ms |             ::1 | GET      "/admin/time-status"
[GIN] 2026/09/21 - 12:43:20 | 200 |      4.4203ms |             ::1 | GET      "/admin/lightning/status"
[GIN] 2026/09/21 - 12:43:20 | 200 |      3.4555ms |             ::1 | GET      "/admin/system/info"
[GIN] 2026/09/21 - 12:43:25 | 200 |       202.7µs |             ::1 | GET      "/api/queue/status"
[GIN] 2026/09/21 - 12:43:25 | 200 |         110µs |             ::1 | GET      "/api/queue/history?limit=10"
[GIN] 2026/09/21 - 12:43:25 | 200 |      4.5338ms |             ::1 | GET      "/admin/lightning/status"
[GIN] 2026/09/21 - 12:43:30 | 200 |        70.2µs |             ::1 | GET      "/api/queue/status"
[GIN] 2026/09/21 - 12:43:30 | 200 |        92.3µs |             ::1 | GET      "/api/queue/history?limit=10"
[GIN] 2026/09/21 - 12:43:30 | 200 |      8.0703ms |             ::1 | GET      "/admin/time-status"
[GIN] 2026/09/21 - 12:43:30 | 200 |      4.6739ms |             ::1 | GET      "/admin/lightning/status"
[GIN] 2026/09/21 - 12:43:35 | 200 |       142.4µs |             ::1 | GET      "/api/queue/status"
[GIN] 2026/09/21 - 12:43:35 | 200 |        57.5µs |             ::1 | GET      "/api/queue/history?limit=10"
[GIN] 2026/09/21 - 12:43:35 | 200 |      6.7525ms |             ::1 | GET      "/admin/lightning/status"
[GIN] 2026/09/21 - 12:43:41 | 200 |       112.7µs |             ::1 | GET      "/api/queue/status"
[GIN] 2026/09/21 - 12:43:41 | 200 |       113.5µs |             ::1 | GET      "/api/queue/history?limit=10"
[GIN] 2026/09/21 - 12:43:41 | 200 |      5.4381ms |             ::1 | GET      "/admin/lightning/status"
[GIN] 2026/09/21 - 12:43:41 | 200 |      8.7549ms |             ::1 | GET      "/admin/time-status"
2026/09/21 12:43:43 DEBUG: About to load emergencies JSON...
2026/09/21 12:43:43 DEBUG: loadJSON returned, type assertion complete
2026/09/21 12:43:43 Detected platform: linux
2026/09/21 12:43:43 PipeWire not available (pw-cli): exec: "pw-cli": executable file not found in $PATH
2026/09/21 12:43:43 PipeWire not available (wpctl): exec: "wpctl": executable file not found in $PATH
2026/09/21 12:43:43 Trying PipeWire through PulseAudio compatibility layer
2026/09/21 12:43:44 PulseAudio compatibility layer not available: exec: "pactl": executable file not found in $PATH
2026/09/21 12:43:44 PulseAudio not available: exec: "pactl": executable file not found in $PATH
2026/09/21 12:43:44 No audio devices detected, using default
2026/09/21 12:43:44 DEBUG: Admin handler - loaded 4 emergencies
2026/09/21 12:43:44 DEBUG: Emergency 1: Severe Weather Warning (severe_weather)
2026/09/21 12:43:44 DEBUG: Emergency 2: Power Outage (power_outage)
2026/09/21 12:43:44 DEBUG: Emergency 3: System Shutdown (system_shutdown)
2026/09/21 12:43:44 DEBUG: Emergency 4: All Clear (all_clear)
[GIN] 2026/09/21 - 12:43:44 | 200 |  881.981097ms |             ::1 | GET      "/admin"
[GIN] 2026/09/21 - 12:43:44 | 200 |       183.1µs |             ::1 | GET      "/api/queue/status"
[GIN] 2026/09/21 - 12:43:44 | 200 |      4.5143ms |             ::1 | GET      "/admin/updates/status"
[GIN] 2026/09/21 - 12:43:44 | 200 |         169µs |             ::1 | GET      "/api/queue/history?limit=10"
[GIN] 2026/09/21 - 12:43:44 | 200 |     14.2743ms |             ::1 | GET      "/admin/operating-hours"
[GIN] 2026/09/21 - 12:43:44 | 200 |      4.2986ms |             ::1 | GET      "/admin/credentials"
[GIN] 2026/09/21 - 12:43:44 | 200 |      4.4819ms |             ::1 | GET      "/admin/system/info"
[GIN] 2026/09/21 - 12:43:44 | 200 |      4.3968ms |             ::1 | GET      "/admin/lightning/status"
[GIN] 2026/09/21 - 12:43:44 | 200 |     12.9562ms |             ::1 | GET      "/admin/track-layout"
2026/09/21 12:43:44 Error getting devices: exec: "bluetoothctl": executable file not found in $PATH
[GIN] 2026/09/21 - 12:43:44 | 200 |  115.933599ms |             ::1 | GET      "/admin/bluetooth/paired"
2026/09/21 12:43:45 Detected platform: linux
2026/09/21 12:43:45 PipeWire not available (pw-cli): exec: "pw-cli": executable file not found in $PATH
2026/09/21 12:43:45 PipeWire not available (wpctl): exec: "wpctl": executable file not found in $PATH
2026/09/21 12:43:45 Trying PipeWire through PulseAudio compatibility layer
2026/09/21 12:43:45 PulseAudio compatibility layer not available: exec: "pactl": executable file not found in $PATH
[GIN] 2026/09/21 - 12:43:45 | 200 |  1.127175795s |             ::1 | GET      "/admin/system/platform-info"
2026/09/21 12:43:45 PulseAudio not available: exec: "pactl": executable file not found in $PATH
2026/09/21 12:43:45 No audio devices detected, using default
[GIN] 2026/09/21 - 12:43:45 | 200 |  1.232429995s |             ::1 | GET      "/api/platform"
[GIN] 2026/09/21 - 12:43:49 | 200 |        93.7µs |             ::1 | GET      "/api/queue/history?limit=10"
[GIN] 2026/09/21 - 12:43:49 | 200 |        67.3µs |             ::1 | GET      "/api/queue/status"
[GIN] 2026/09/21 - 12:43:49 | 200 |      4.1775ms |             ::1 | GET      "/admin/lightning/status"
[GIN] 2026/09/21 - 12:43:54 | 200 |        71.2µs |             ::1 | GET      "/api/queue/status"
[GIN] 2026/09/21 - 12:43:54 | 200 |        58.3µs |             ::1 | GET      "/api/queue/history?limit=10"
[GIN] 2026/09/21 - 12:43:54 | 200 |      4.0605ms |             ::1 | GET      "/admin/lightning/status"
[GIN] 2026/09/21 - 12:43:54 | 200 |      6.8206ms |             ::1 | GET      "/admin/time-status"
[GIN] 2026/09/21 - 12:43:59 | 200 |        60.8µs |             ::1 | GET      "/api/queue/history?limit=10"
[GIN] 2026/09/21 - 12:43:59 | 200 |        80.9µs |             ::1 | GET      "/api/queue/status"
[GIN] 2026/09/21 - 12:43:59 | 200 |      3.6537ms |             ::1 | GET      "/admin/lightning/status"
[GIN] 2026/09/21 - 12:44:04 | 200 |        97.5µs |             ::1 | GET      "/api/queue/status"
[GIN] 2026/09/21 - 12:44:04 | 200 |        48.4µs |             ::1 | GET      "/api/queue/history?limit=10"
[GIN] 2026/09/21 - 12:44:04 | 200 |      4.5052ms |             ::1 | GET      "/admin/lightning/status"
[GIN] 2026/09/21 - 12:44:04 | 200 |      7.6696ms |             ::1 | GET      "/admin/time-status"
[GIN] 2026/09/21 - 12:44:09 | 200 |       151.3µs |             ::1 | GET      "/api/queue/status"
[GIN] 2026/09/21 - 12:44:09 | 200 |        78.9µs |             ::1 | GET      "/api/queue/history?limit=10"
[GIN] 2026/09/21 - 12:44:09 | 200 |      6.2666ms |             ::1 | GET      "/admin/lightning/status"
2026/09/21 12:44:11 Lightning trigger fetch recovered after: Lightning feed primary failure (unknown_condition): Unknown
2026/09/21 12:44:11 Lightning condition changed from 'Reset' to 'AllClear' (feed=primary)
2026/09/21 12:44:11 AllClear condition ignored for announce/lock — previous condition was 'Reset' (not RedAlert)
[GIN] 2026/09/21 - 12:44:14 | 200 |       118.8µs |             ::1 | GET      "/api/queue/status"
[GIN] 2026/09/21 - 12:44:14 | 200 |        73.8µs |             ::1 | GET      "/api/queue/history?limit=10"
[GIN] 2026/09/21 - 12:44:14 | 200 |      6.9445ms |             ::1 | GET      "/admin/time-status"
[GIN] 2026/09/21 - 12:44:14 | 200 |      3.2344ms |             ::1 | GET      "/admin/system/info"
[GIN] 2026/09/21 - 12:44:14 | 200 |      4.4545ms |             ::1 | GET      "/admin/lightning/status"
[GIN] 2026/09/21 - 12:44:19 | 200 |          97µs |             ::1 | GET      "/api/queue/status"
[GIN] 2026/09/21 - 12:44:19 | 200 |          52µs |             ::1 | GET      "/api/queue/history?limit=10"
[GIN] 2026/09/21 - 12:44:19 | 200 |      3.8252ms |             ::1 | GET      "/admin/lightning/status"
[GIN] 2026/09/21 - 12:44:24 | 200 |       103.6µs |             ::1 | GET      "/api/queue/status"
[GIN] 2026/09/21 - 12:44:24 | 200 |       101.1µs |             ::1 | GET      "/api/queue/history?limit=10"
[GIN] 2026/09/21 - 12:44:24 | 200 |      7.2732ms |             ::1 | GET      "/admin/lightning/status"
[GIN] 2026/09/21 - 12:44:24 | 200 |     15.5376ms |             ::1 | GET      "/admin/time-status"
[GIN] 2026/09/21 - 12:44:29 | 200 |       171.3µs |             ::1 | GET      "/api/queue/status"
[GIN] 2026/09/21 - 12:44:29 | 200 |        91.5µs |             ::1 | GET      "/api/queue/history?limit=10"
[GIN] 2026/09/21 - 12:44:29 | 200 |      4.2045ms |             ::1 | GET      "/admin/lightning/status"
[GIN] 2026/09/21 - 12:44:31 | 200 |      5.2179ms |             ::1 | GET      "/admin/lightning/status"
[GIN] 2026/09/21 - 12:44:34 | 200 |       150.5µs |             ::1 | GET      "/api/queue/status"
[GIN] 2026/09/21 - 12:44:34 | 200 |        80.1µs |             ::1 | GET      "/api/queue/history?limit=10"
[GIN] 2026/09/21 - 12:44:34 | 200 |      9.4665ms |             ::1 | GET      "/admin/time-status"
[GIN] 2026/09/21 - 12:44:34 | 200 |      4.2805ms |             ::1 | GET      "/admin/lightning/status"
[GIN] 2026/09/21 - 12:44:39 | 200 |       110.5µs |             ::1 | GET      "/api/queue/status"
[GIN] 2026/09/21 - 12:44:39 | 200 |        60.9µs |             ::1 | GET      "/api/queue/history?limit=10"
[GIN] 2026/09/21 - 12:44:39 | 200 |      3.9991ms |             ::1 | GET      "/admin/lightning/status"
[GIN] 2026/09/21 - 12:44:44 | 200 |       127.7µs |             ::1 | GET      "/api/queue/status"
[GIN] 2026/09/21 - 12:44:44 | 200 |        81.9µs |             ::1 | GET      "/api/queue/history?limit=10"
[GIN] 2026/09/21 - 12:44:44 | 200 |      5.6705ms |             ::1 | GET      "/admin/lightning/status"
[GIN] 2026/09/21 - 12:44:44 | 200 |      9.2319ms |             ::1 | GET      "/admin/time-status"
[GIN] 2026/09/21 - 12:44:44 | 200 |       3.718ms |             ::1 | GET      "/admin/system/info"
[GIN] 2026/09/21 - 12:44:49 | 200 |       123.1µs |             ::1 | GET      "/api/queue/status"
[GIN] 2026/09/21 - 12:44:49 | 200 |        68.1µs |             ::1 | GET      "/api/queue/history?limit=10"
[GIN] 2026/09/21 - 12:44:49 | 200 |      4.4827ms |             ::1 | GET      "/admin/lightning/status"
[GIN] 2026/09/21 - 12:44:54 | 200 |       103.5µs |             ::1 | GET      "/api/queue/status"
[GIN] 2026/09/21 - 12:44:54 | 200 |       112.5µs |             ::1 | GET      "/api/queue/history?limit=10"
[GIN] 2026/09/21 - 12:44:54 | 200 |      5.1273ms |             ::1 | GET      "/admin/lightning/status"
[GIN] 2026/09/21 - 12:44:54 | 200 |      8.0399ms |             ::1 | GET      "/admin/time-status"
[GIN] 2026/09/21 - 12:44:59 | 200 |          67µs |             ::1 | GET      "/api/queue/status"
[GIN] 2026/09/21 - 12:44:59 | 200 |        83.3µs |             ::1 | GET      "/api/queue/history?limit=10"
[GIN] 2026/09/21 - 12:44:59 | 200 |      4.0989ms |             ::1 | GET      "/admin/lightning/status"
2026/09/21 12:45:00 Skipping scheduled safety announcement (outside operating hours)
[GIN] 2026/09/21 - 12:45:04 | 200 |        74.2µs |             ::1 | GET      "/api/queue/status"
[GIN] 2026/09/21 - 12:45:04 | 200 |        56.1µs |             ::1 | GET      "/api/queue/history?limit=10"
[GIN] 2026/09/21 - 12:45:04 | 200 |      4.3008ms |             ::1 | GET      "/admin/lightning/status"
[GIN] 2026/09/21 - 12:45:04 | 200 |      7.4062ms |             ::1 | GET      "/admin/time-status"
[GIN] 2026/09/21 - 12:45:09 | 200 |       137.9µs |             ::1 | GET      "/api/queue/status"
[GIN] 2026/09/21 - 12:45:09 | 200 |        81.3µs |             ::1 | GET      "/api/queue/history?limit=10"
[GIN] 2026/09/21 - 12:45:09 | 200 |      4.3761ms |             ::1 | GET      "/admin/lightning/status"
[GIN] 2026/09/21 - 12:45:14 | 200 |        90.9µs |             ::1 | GET      "/api/queue/status"
[GIN] 2026/09/21 - 12:45:14 | 200 |        75.3µs |             ::1 | GET      "/api/queue/history?limit=10"
[GIN] 2026/09/21 - 12:45:14 | 200 |      4.0012ms |             ::1 | GET      "/admin/system/info"
[GIN] 2026/09/21 - 12:45:14 | 200 |      4.9288ms |             ::1 | GET      "/admin/lightning/status"
[GIN] 2026/09/21 - 12:45:14 | 200 |      8.6887ms |             ::1 | GET      "/admin/time-status"
[GIN] 2026/09/21 - 12:45:19 | 200 |       135.5µs |             ::1 | GET      "/api/queue/status"
[GIN] 2026/09/21 - 12:45:19 | 200 |        54.8µs |             ::1 | GET      "/api/queue/history?limit=10"
[GIN] 2026/09/21 - 12:45:19 | 200 |      4.1621ms |             ::1 | GET      "/admin/lightning/status"
[GIN] 2026/09/21 - 12:45:24 | 200 |        77.1µs |             ::1 | GET      "/api/queue/status"
[GIN] 2026/09/21 - 12:45:24 | 200 |        83.2µs |             ::1 | GET      "/api/queue/history?limit=10"
[GIN] 2026/09/21 - 12:45:24 | 200 |      4.3395ms |             ::1 | GET      "/admin/lightning/status"
[GIN] 2026/09/21 - 12:45:24 | 200 |      7.2729ms |             ::1 | GET      "/admin/time-status"
[GIN] 2026/09/21 - 12:45:29 | 200 |         135µs |             ::1 | GET      "/api/queue/status"
[GIN] 2026/09/21 - 12:45:29 | 200 |          73µs |             ::1 | GET      "/api/queue/history?limit=10"
[GIN] 2026/09/21 - 12:45:29 | 200 |      4.2453ms |             ::1 | GET      "/admin/lightning/status"
[GIN] 2026/09/21 - 12:45:34 | 200 |        73.1µs |             ::1 | GET      "/api/queue/status"
[GIN] 2026/09/21 - 12:45:34 | 200 |        63.7µs |             ::1 | GET      "/api/queue/history?limit=10"
[GIN] 2026/09/21 - 12:45:34 | 200 |      4.4355ms |             ::1 | GET      "/admin/lightning/status"
[GIN] 2026/09/21 - 12:45:34 | 200 |      7.5225ms |             ::1 | GET      "/admin/time-status"
[GIN] 2026/09/21 - 12:45:39 | 200 |        91.5µs |             ::1 | GET      "/api/queue/status"
[GIN] 2026/09/21 - 12:45:39 | 200 |       130.5µs |             ::1 | GET      "/api/queue/history?limit=10"
[GIN] 2026/09/21 - 12:45:39 | 200 |      3.9799ms |             ::1 | GET      "/admin/lightning/status"
[GIN] 2026/09/21 - 12:45:44 | 200 |        78.8µs |             ::1 | GET      "/api/queue/status"
[GIN] 2026/09/21 - 12:45:44 | 200 |        66.5µs |             ::1 | GET      "/api/queue/history?limit=10"
[GIN] 2026/09/21 - 12:45:44 | 200 |      3.4535ms |             ::1 | GET      "/admin/system/info"
[GIN] 2026/09/21 - 12:45:44 | 200 |      4.6336ms |             ::1 | GET      "/admin/lightning/status"
[GIN] 2026/09/21 - 12:45:44 | 200 |      6.9465ms |             ::1 | GET      "/admin/time-status"
[GIN] 2026/09/21 - 12:45:49 | 200 |        97.3µs |             ::1 | GET      "/api/queue/status"
[GIN] 2026/09/21 - 12:45:49 | 200 |        69.1µs |             ::1 | GET      "/api/queue/history?limit=10"
[GIN] 2026/09/21 - 12:45:49 | 200 |      5.0408ms |             ::1 | GET      "/admin/lightning/status"
[GIN] 2026/09/21 - 12:45:54 | 200 |       109.2µs |             ::1 | GET      "/api/queue/status"
[GIN] 2026/09/21 - 12:45:54 | 200 |        59.4µs |             ::1 | GET      "/api/queue/history?limit=10"
[GIN] 2026/09/21 - 12:45:54 | 200 |      4.3166ms |             ::1 | GET      "/admin/lightning/status"
[GIN] 2026/09/21 - 12:45:54 | 200 |      7.0301ms |             ::1 | GET      "/admin/time-status"
[GIN] 2026/09/21 - 12:45:59 | 200 |        95.5µs |             ::1 | GET      "/api/queue/status"
[GIN] 2026/09/21 - 12:45:59 | 200 |       557.4µs |             ::1 | GET      "/api/queue/history?limit=10"
[GIN] 2026/09/21 - 12:45:59 | 200 |      5.6942ms |             ::1 | GET      "/admin/lightning/status"
[GIN] 2026/09/21 - 12:46:04 | 200 |        68.3µs |             ::1 | GET      "/api/queue/status"
[GIN] 2026/09/21 - 12:46:04 | 200 |        66.2µs |             ::1 | GET      "/api/queue/history?limit=10"
[GIN] 2026/09/21 - 12:46:04 | 200 |      4.2391ms |             ::1 | GET      "/admin/lightning/status"
[GIN] 2026/09/21 - 12:46:04 | 200 |       7.271ms |             ::1 | GET      "/admin/time-status"
[GIN] 2026/09/21 - 12:46:14 | 200 |      4.0038ms |             ::1 | GET      "/admin/system/info"
[GIN] 2026/09/21 - 12:46:44 | 200 |    4.097801ms |             ::1 | GET      "/admin/system/info"
[GIN] 2026/09/21 - 12:47:00 | 200 |       120.4µs |             ::1 | GET      "/api/queue/history?limit=10"
[GIN] 2026/09/21 - 12:47:00 | 200 |       170.8µs |             ::1 | GET      "/api/queue/status"
[GIN] 2026/09/21 - 12:47:00 | 200 |      5.2087ms |             ::1 | GET      "/admin/lightning/status"
[GIN] 2026/09/21 - 12:47:00 | 200 |    8.134201ms |             ::1 | GET      "/admin/time-status"
2026/09/21 12:48:00 Skipping scheduled safety announcement (outside operating hours)
[GIN] 2026/09/21 - 12:48:00 | 200 |         148µs |             ::1 | GET      "/api/queue/status"
[GIN] 2026/09/21 - 12:48:00 | 200 |       117.6µs |             ::1 | GET      "/api/queue/history?limit=10"
[GIN] 2026/09/21 - 12:48:00 | 200 |      3.8614ms |             ::1 | GET      "/admin/system/info"
[GIN] 2026/09/21 - 12:48:00 | 200 |      5.5436ms |             ::1 | GET      "/admin/lightning/status"
[GIN] 2026/09/21 - 12:48:00 | 200 |       8.144ms |             ::1 | GET      "/admin/time-status"
[GIN] 2026/09/21 - 12:49:00 | 200 |        98.3µs |             ::1 | GET      "/api/queue/status"
[GIN] 2026/09/21 - 12:49:00 | 200 |        52.4µs |             ::1 | GET      "/api/queue/history?limit=10"
[GIN] 2026/09/21 - 12:49:00 | 200 |      4.7078ms |             ::1 | GET      "/admin/system/info"
[GIN] 2026/09/21 - 12:49:00 | 200 |      8.3962ms |             ::1 | GET      "/admin/lightning/status"
[GIN] 2026/09/21 - 12:49:00 | 200 |      10.237ms |             ::1 | GET      "/admin/time-status"
[GIN] 2026/09/21 - 12:50:00 | 200 |       100.5µs |             ::1 | GET      "/api/queue/status"
[GIN] 2026/09/21 - 12:50:00 | 200 |        76.7µs |             ::1 | GET      "/api/queue/history?limit=10"
[GIN] 2026/09/21 - 12:50:00 | 200 |      3.6492ms |             ::1 | GET      "/admin/system/info"
[GIN] 2026/09/21 - 12:50:00 | 200 |      4.8719ms |             ::1 | GET      "/admin/lightning/status"
[GIN] 2026/09/21 - 12:50:00 | 200 |      7.9669ms |             ::1 | GET      "/admin/time-status"
2026/09/21 12:51:00 Skipping scheduled safety announcement (outside operating hours)
[GIN] 2026/09/21 - 12:51:00 | 200 |        77.8µs |             ::1 | GET      "/api/queue/status"
[GIN] 2026/09/21 - 12:51:00 | 200 |          76µs |             ::1 | GET      "/api/queue/history?limit=10"
[GIN] 2026/09/21 - 12:51:00 | 200 |      3.7691ms |             ::1 | GET      "/admin/system/info"
[GIN] 2026/09/21 - 12:51:00 | 200 |      5.4434ms |             ::1 | GET      "/admin/lightning/status"
[GIN] 2026/09/21 - 12:51:00 | 200 |      8.5876ms |             ::1 | GET      "/admin/time-status"
[GIN] 2026/09/21 - 12:51:04 | 200 |       6.073ms |             ::1 | GET      "/admin/time-status"
[GIN] 2026/09/21 - 12:51:04 | 200 |        52.6µs |             ::1 | GET      "/api/queue/history?limit=10"
[GIN] 2026/09/21 - 12:51:04 | 200 |        82.9µs |             ::1 | GET      "/api/queue/status"
[GIN] 2026/09/21 - 12:51:04 | 200 |      3.8348ms |             ::1 | GET      "/admin/lightning/status"
[GIN] 2026/09/21 - 12:51:04 | 302 |       866.8µs |             ::1 | GET      "/admin/logout"
[GIN] 2026/09/21 - 12:51:04 | 200 |      31.962ms |             ::1 | GET      "/"
[GIN] 2026/09/21 - 12:51:04 | 200 |      4.4598ms |             ::1 | GET      "/lightning_status"
[GIN] 2026/09/21 - 12:51:04 | 200 |      8.2384ms |             ::1 | GET      "/scheduler_status"
2026/09/21 12:51:11 Lightning feed primary failure (unknown_condition): Unknown
2026/09/21 12:52:11 Lightning feed primary failure (unknown_condition): Unknown
2026/09/21 12:53:11 Lightning feed primary failure (unknown_condition): Unknown
