2026/09/19 22:35:43 === TARR Annunciator Started ===
2026/09/19 22:35:43 Version: Go Application
2026/09/19 22:35:43 Platform: linux/arm64
2026/09/19 22:35:43 Log file: /home/pi/TARR_Annunciator_RaspberryPi_ARM64/logs/tarr-annunciator_2026-09-19_22-35-42.log
2026/09/19 22:35:43 Log rotation: max 10 MB per file, keep 5 files, delete after 30 days
2026/09/19 22:35:43 Timestamp: 2026-09-19 22:35:43
2026/09/19 22:35:43 =====================================
2026/09/19 22:35:43 Log retention: 2 file(s), 0.06 MB total (max 10 MB/file, keep 5 files, 30 days)
2026/09/19 22:35:43 ✓ Audio system initialized successfully
2026/09/19 22:35:43 ✓ Synced volume from ALSA card 0 PCM 85%: 85%
2026/09/19 22:35:43 Note: timedatectl set-ntp true skipped (exit status 1)
2026/09/19 22:35:43 ✓ Time sync from pool.ntp.org (offset -22ms, app time 2026-09-19 22:35:43 EDT)
2026/09/19 22:35:43 Operating hours disabled — scheduler runs 24/7
2026/09/19 22:35:43 Announcement manager initialized with queuing system
2026/09/19 22:35:43 ✓ Announcement queue system initialized
2026/09/19 22:35:43 ✓ Loaded lightning configuration with 5 announcements
2026/09/19 22:35:43   - Red Alert policy: preempt=true suppress=true reminder=true every 5m file=thor_repeat1.mp3
2026/09/19 22:35:43 ✓ Lightning trigger system initialized and started
2026/09/19 22:35:43   - Monitoring URL: https://broward.thormobile4.net/tp/FL0115.xml
2026/09/19 22:35:43 Lightning trigger 'Lightning Alert Monitor' started with 30 second interval
2026/09/19 22:35:43   - Fetch interval: 30 seconds
2026/09/19 22:35:43 Updating scheduler...
2026/09/19 22:35:43 Scheduled: */3 * * * * - [english spanish] (multi-language, 2s delay)
2026/09/19 22:35:43 Scheduler updated with 1 active jobs.
2026/09/19 22:35:43 Starting TARR Annunciator Go Server...
2026/09/19 22:35:43 Audio system: Available
2026/09/19 22:35:43 Access the application at: http://localhost:8080
2026/09/19 22:35:43 Admin interface at: http://localhost:8080/admin
2026/09/19 22:35:44 Lightning condition changed from 'Reset' to 'AllClear'
2026/09/19 22:35:44 AllClear condition ignored - previous condition was 'Reset' (not RedAlert)
2026/09/19 22:36:00 🕐 Scheduled multi-language safety announcement triggered: [english spanish]
2026/09/19 22:36:00 Queued 2 safety announcements in sequence with 2 second intervals
2026/09/19 22:36:00 DEBUG buildAudioSequence: Type=safety, Parameters=map[language:english]
2026/09/19 22:36:00 Queued announcement: ID=ann_1789871760_2, Type=safety, Priority=3, Scheduled=2026-09-19T22:36:00-04:00
2026/09/19 22:36:00 Multi-language safety announcement queued successfully: english (ID: ann_1789871760_2, sequence: 1/2)
2026/09/19 22:36:00 Starting announcement: ID=ann_1789871760_2, Type=safety, Priority=3
2026/09/19 22:36:00 🔒 Audio mutex locked - starting announcement playback
2026/09/19 22:36:00 Playing audio: /home/pi/TARR_Annunciator_RaspberryPi_ARM64/static/mp3/safety/safety_english.mp3 (Volume: 85%, software gain: 100%)
2026/09/19 22:36:02 DEBUG buildAudioSequence: Type=safety, Parameters=map[language:spanish]
2026/09/19 22:36:02 Queued announcement: ID=ann_1789871762_3, Type=safety, Priority=3, Scheduled=2026-09-19T22:36:02-04:00
2026/09/19 22:36:02 Multi-language safety announcement queued successfully: spanish (ID: ann_1789871762_3, sequence: 2/2)
2026/09/19 22:36:34 🔓 Audio mutex unlocked - announcement playback complete
2026/09/19 22:36:34 Completed announcement: ID=ann_1789871760_2, Duration=34.731861724s
2026/09/19 22:36:34 Starting announcement: ID=ann_1789871762_3, Type=safety, Priority=3
2026/09/19 22:36:34 🔒 Audio mutex locked - starting announcement playback
2026/09/19 22:36:34 Playing audio: /home/pi/TARR_Annunciator_RaspberryPi_ARM64/static/mp3/safety/safety_spanish.mp3 (Volume: 85%, software gain: 100%)
2026/09/19 22:36:43 Lightning condition changed from 'AllClear' to 'Unknown'
2026/09/19 22:36:43 Lightning status 'Unknown' - treating as XML error, ignoring condition change
2026/09/19 22:36:44 DEBUG: About to load emergencies JSON...
2026/09/19 22:36:44 DEBUG: loadJSON returned, type assertion complete
2026/09/19 22:36:44 Detected platform: raspberrypi
2026/09/19 22:36:44 Using Pi-optimized audio detection
2026/09/19 22:36:44 No devices found with native PipeWire, trying PulseAudio compatibility
2026/09/19 22:36:44 PipeWire processes detected, using PulseAudio compatibility layer
2026/09/19 22:36:44 PulseAudio compatibility layer output: 69	alsa_output.platform-fe00b840.mailbox.stereo-fallback	PipeWire	s16le 2ch 48000Hz	RUNNING
2026/09/19 22:36:44 Found 1 PipeWire devices on Pi platform
2026/09/19 22:36:44 DEBUG: Admin handler - loaded 4 emergencies
2026/09/19 22:36:44 DEBUG: Emergency 1: Severe Weather Warning (severe_weather)
2026/09/19 22:36:44 DEBUG: Emergency 2: Power Outage (power_outage)
2026/09/19 22:36:44 DEBUG: Emergency 3: System Shutdown (system_shutdown)
2026/09/19 22:36:44 DEBUG: Emergency 4: All Clear (all_clear)
2026/09/19 22:36:45 Detected platform: raspberrypi
2026/09/19 22:36:45 Using Pi-optimized audio detection
2026/09/19 22:36:45 No devices found with native PipeWire, trying PulseAudio compatibility
2026/09/19 22:36:45 PipeWire processes detected, using PulseAudio compatibility layer
2026/09/19 22:36:45 PulseAudio compatibility layer output: 69	alsa_output.platform-fe00b840.mailbox.stereo-fallback	PipeWire	s16le 2ch 48000Hz	RUNNING
2026/09/19 22:36:45 Found 1 PipeWire devices on Pi platform
2026/09/19 22:36:45 Loaded 0 paired Bluetooth devices
2026/09/19 22:37:08 Lightning trigger 'Lightning Alert Monitor' stopped
2026/09/19 22:37:08 Lightning trigger configuration updated - URL: https://broward.thormobile4.net/tp/FL0115.xml, Interval: 60s
2026/09/19 22:37:08 Lightning trigger 'Lightning Alert Monitor' started with 60 second interval
2026/09/19 22:37:08 Lightning condition changed from 'AllClear' to 'Unknown'
2026/09/19 22:37:08 Lightning status 'Unknown' - treating as XML error, ignoring condition change
2026/09/19 22:37:13 🔓 Audio mutex unlocked - announcement playback complete
2026/09/19 22:37:13 Completed announcement: ID=ann_1789871762_3, Duration=38.331239477s
2026/09/19 22:37:23 Note: timedatectl set-ntp true skipped (exit status 1)
2026/09/19 22:37:23 ✓ Time sync from pool.ntp.org (offset -19ms, app time 2026-09-19 22:37:23 EDT)
2026/09/19 22:37:23 Operating hours disabled — scheduler runs 24/7
2026/09/19 22:37:41 Note: timedatectl set-ntp true skipped (exit status 1)
2026/09/19 22:37:41 ✓ Time sync from time.google.com (offset -40ms, app time 2026-09-19 22:37:41 EDT)
2026/09/19 22:37:41 Operating hours disabled — scheduler runs 24/7
2026/09/19 22:38:04 Operating hours disabled — scheduler runs 24/7
2026/09/19 22:38:10 Operating hours CLOSED (America/New_York) — scheduled announcements paused
2026/09/19 22:39:00 Skipping scheduled safety announcement (outside operating hours)
2026/09/19 22:39:49 System mixer updated: ALSA card 0 PCM → 79%; PipeWire @DEFAULT_AUDIO_SINK@ → 79%; Pulse default sink → 79%
2026/09/19 22:39:53 System mixer updated: ALSA card 0 PCM → 83%; PipeWire @DEFAULT_AUDIO_SINK@ → 83%; Pulse default sink → 83%
2026/09/19 22:40:02 System mixer updated: ALSA card 0 PCM → 84%; PipeWire @DEFAULT_AUDIO_SINK@ → 84%; Pulse default sink → 84%
2026/09/19 22:40:04 System mixer updated: ALSA card 0 PCM → 85%; PipeWire @DEFAULT_AUDIO_SINK@ → 85%; Pulse default sink → 85%
